    Finished `test` profile [optimized + debuginfo] target(s) in 0.61s
     Running unittests src/lib.rs (target/debug/deps/chimera_lang-2e2bbbaee3e28d1f)

running 683 tests
test alchemist_test::test_alchemy_transmutation ... ok
test babel_chaos_test::test_babel_chaos_integrity ... ok
test babel_chaos_test::test_babel_chaos_map ... ok
test alchemist_test::test_alchemist_organelle ... ok
test babel_test::tests::test_babel_parser_match ... ok
test babel_test::tests::test_babel_parser_regex ... ok
test babel_test::tests::test_babel_parser_alt ... ok
test cladistics_test::tests::test_mitosis_tracking ... ok
test compiler::tests::test_blocks ... ok
test chaos_test::tests::test_scramble ... ok
test compiler::tests::test_compile_basic ... ok
test compiler::tests::test_compile_jumps ... ok
test cladistics_test::tests::test_reincarnate_tracking ... ok
test compiler::tests::test_macros ... ok
test compiler::tests::test_sugar ... ok
test crucible_test::tests::test_crucible_elemental ... ok
test critter_build_test::tests::test_critter_sense_gene ... ok
test critter_build_test::tests::test_critter_builder_gene ... ok
test crucible_test::tests::test_crucible_genetic_heat ... ok
test crucible_test::tests::test_crucible_splicing ... ok
test babel_test::tests::test_babel_parser_seq ... ok
test elektra_test::tests::test_battery_op ... ok
test elektra_test::tests::test_circuit_breaker ... ok
test elektra_test::tests::test_electrogenesis_induction ... ok
test elektra_test::tests::test_ground_op ... ok
test elektra_test::tests::test_insulator_logic ... ok
test elektra_test::tests::test_sense_volt ... ok
test elektra_test::tests::test_railgun ... ok
test elektra_test::tests::test_circuit_solver ... ok
test elektra_test::tests::test_shock_blows_fuse ... ok
test glitch_test::tests::test_glitch_mechanics ... ok
test elektra_test::tests::test_wire_growth ... ok
test elektra_visual_test::tests::test_tesla_coil_visual_effects ... ok
test elektra_visual_test::tests::test_galvanize_visual_effect ... ok
test havoc_recursive_prophecy::tests::test_deeply_nested_macro_blowup ... ok
test havoc_repro::tests::test_hyperbolic_virus_singularity ... ok
test havoc_repro::tests::test_scavenge_path_traversal ... ok
test havoc_repro::tests::test_junction_blowup ... ok
test havoc_repro::tests::test_tectonics_dos ... ok
test hydra_test::tests::test_hydra_flow ... ok
test hydra_test::tests::test_hydra_pump ... ok
test hydra_test::tests::test_hydra_wall ... ok
test manifest_test::tests::test_manifest_dna ... ok
test manifest_test::tests::test_manifest_grid ... ok
test microscope_test::tests::test_microscope_scan ... ok
test nova_arcana_test::tests::test_draw ... ok
test nova_arcana_test::tests::test_magician_effect ... ok
test nova_arcana_test::tests::test_shuffle ... ok
test nova_atmosphere_test::tests::test_aeolus_wind ... ok
test nova_akashic_test::tests::test_akashic_record ... ok
test nova_atmosphere_test::tests::test_cloud_shadow ... ok
test nova_atmosphere_test::tests::test_wind_advection ... ok
test nova_ballistics_optics_test::test_lens_amplify ... ok
test nova_ballistics_optics_test::test_loop_prevention ... ok
test nova_ballistics_optics_test::test_mirror_0_vertical_reflect_x ... ok
test nova_atmosphere_test::tests::test_storm_moisture ... ok
test nova_ballistics_optics_test::test_mirror_1_horizontal_reflect_y ... ok
test nova_ballistics_optics_test::test_mirror_2_diagonal_swap_negate ... ok
test nova_ballistics_optics_test::test_mirror_3_diagonal_swap ... ok
test nova_ballistics_optics_test::test_prism_split ... ok
test nova_ballistics_test::test_fire_overflow ... ok
test nova_ballistics_test::test_fire_opcode ... ok
test nova_ballistics_test::test_projectile_collision ... ok
test nova_bang_test::tests::test_bang_chain_reaction ... ok
test nova_bard_test::test_bard_composition ... ok
test nova_biolum_test::tests::test_light_decay ... ok
test nova_bard_test::test_bard_rest_and_tempo ... ok
test nova_blackbox_test::test_blackbox_recording_and_dump ... ok
test nova_biolum_test::tests::test_lumine_sense ... ok
test nova_camouflage_test::tests::test_sense_glyph ... ok
test nova_camouflage_test::tests::test_sense_nothing ... ok
test nova_camouflage_test::tests::test_sense_pigment ... ok
test nova_cartography_test::tests::test_locate ... ok
test nova_cartography_test::tests::test_chart_and_atlas ... ok
test nova_cartography_test::tests::test_scan ... ok
test nova_cerebellum_test::tests::test_call_ret ... ok
test nova_chemistry_test::tests::test_chemistry_mix_brew_splash ... ok
test nova_cerebellum_test::tests::test_bind_interrupt ... ok
test nova_chorus_test::tests::test_sing_listen ... ok
test nova_chorus_test::tests::test_vitality_chord ... ok
test nova_chroma_test::test_clear_glyph ... ok
test nova_chroma_test::test_glyph ... ok
test nova_chroma_test::test_clear_pigment ... ok
test nova_chroma_test::test_pigment ... ok
test nova_compose_test::test_bard_compose_genetic_song ... ok
test nova_conjugation_test::test_conjugation_incubation_cycle ... ok
test nova_crispr_test::tests::test_cas9_cut ... ok
test nova_crispr_test::tests::test_crispr_scan ... ok
test nova_crispr_test::tests::test_ligase ... ok
test nova_crystal_test::test_accrete ... ok
test nova_crystal_test::test_nucleate ... ok
test nova_crystal_test::test_anneal ... ok
test nova_crystal_test::test_shatter ... ok
test havoc_poly_crash::tests::test_value_hash_recursion_blowup ... ok
test nova_dream_test::test_dream_execution ... ok
test nova_dream_trace_test::tests::test_lucid_dreaming_injection ... ok
test nova_fluid_test::test_dry ... ok
test nova_fluid_test::test_process_fluid_advection ... ok
test nova_fluid_test::test_storm_and_aeolus ... ok
test nova_fluid_test::test_tsunami ... ok
test nova_fungi_test::tests::test_brainfuck ... ok
test nova_dream_trace_test::tests::test_dream_trace_recording ... ok
test nova_garden_test::tests::test_harvest ... ok
test nova_garden_test::tests::test_sow_and_evolve ... ok
test nova_gravity_test::tests::test_gravitate ... ignored, 👺 HAVOC: Fuzzing / Physics path flaky
test nova_fungi_test::tests::test_hyphae_connect_transport ... ok
test nova_guild_test::tests::test_charter_kick ... ok
test nova_gravity_test::tests::test_gravitate_blocked ... ok
test nova_guild_test::tests::test_guild_deposit ... ok
test nova_guild_test::tests::test_guild_join ... ok
test nova_guild_test::tests::test_guild_create ... ok
test nova_hormone_test::tests::test_absorb ... ok
test nova_hormone_test::tests::test_diffusion ... ok
test nova_hormone_test::tests::test_secrete_detect ... ok
test nova_hormone_test::tests::test_secrete_overflow ... ok
test nova_ipc_test::tests::test_ipc_signal_receive ... ok
test nova_isomer_test::tests::test_isomer_arithmetic ... ok
test nova_isomer_test::tests::test_isomer_spatial ... ok
test nova_isomer_test::tests::test_isomer_control_flow ... ok
test nova_isomer_test::tests::test_isomerize_toggle ... ok
test nova_ley_test::tests::test_ley_sense ... ok
test nova_ley_test::tests::test_ley_shift ... ok
test nova_ley_test::tests::test_ley_tap ... ok
test nova_differentiation_test::tests::test_differentiation ... ok
test nova_linguistics_test::tests::test_compile ... ok
test nova_ley_test::tests::test_ley_warp ... ok
test nova_linguistics_test::tests::test_decompile ... ok
test nova_logistics_test::test_belt_chain ... ok
test nova_linguistics_test::tests::test_roundtrip ... ok
test nova_logistics_test::test_belt_movement ... ok
test nova_logistics_test::test_blocked_belt ... ok
test nova_logistics_test::test_collision ... ok
test nova_madness_test::test_drift ... ok
test nova_madness_test::test_poly_int ... ok
test nova_madness_test::test_meme_spreading ... ok
test nova_madness_test::test_poly_str ... ok
test nova_market_test::tests::test_invest_divest ... ok
test nova_membrane_test::test_membrane_blocking ... ok
test nova_market_test::tests::test_market_trade ... ok
test nova_membrane_test::test_osmosis_permeability ... ok
test nova_metamorphism_test::test_metamorphism_compression ... ok
test nova_metamorphism_test::test_metamorphism_expansion ... ok
test nova_meta_test::tests::test_define_and_call_macro ... ok
test nova_metazoa_test::tests::test_metazoa_bonding ... ok
test nova_morphogenesis_test::tests::test_morphogenesis_expansion_junction ... ok
test nova_morphogenesis_test::tests::test_morphogenesis_expansion ... ok
test nova_morphogenesis_test::tests::test_morphogenesis_grow ... ok
test nova_mutagen_test::tests::test_devour ... ok
test nova_meta_test::tests::test_undefine ... ok
test nova_necromancy_test::test_apoptosis_to_graveyard ... ok
test nova_mutagen_test::tests::test_irradiate ... ok
test nova_necromancy_test::test_mourn ... ok
test nova_necromancy_test::test_resurrect_from_graveyard ... ok
test nova_necromancy_test::test_exhume ... ok
test nova_necromancy_test::test_seance ... ok
test nova_nightmare_test::tests::test_lucid_cleansing ... ok
test nova_nightmare_test::tests::test_nightmare_trigger ... ignored
test nova_organelle_test::test_spawn_energy_cost ... ok
test nova_omen_test::tests::test_omen_photosynthesis ... ok
test nova_organelle_types_test::tests::test_chloroplast ... ok
test nova_organelle_test::test_spawn_organelle ... ok
test nova_organelle_types_test::tests::test_lysosome ... ok
test nova_phase_test::test_crystalline_immunity ... ok
test nova_organelle_types_test::tests::test_mitochondria ... ok
test nova_phase_test::test_ethereal_gwrite_fail ... ok
test nova_piet_test::tests::test_piet_add ... ok
test nova_phase_test::test_flux_speed ... ok
test nova_piet_test::tests::test_piet_push_out ... ok
test nova_phase_test::test_ethereal_movement ... ok
test nova_portal_test::tests::test_seal ... ok
test nova_portal_test::tests::test_rift_migrate ... ok
test nova_probabilistic_test::tests::test_superpose ... ok
test nova_prophecy_test::test_prophecy_death ... ok
test nova_probabilistic_test::tests::test_collapse ... ok
test nova_probabilistic_test::tests::test_quantum_add ... ok
test nova_prophecy_test::test_prophecy_predicts_halt ... ok
test nova_quantum_test::tests::test_decohere ... ok
test nova_quantum_test::tests::test_entangle_transcribe ... ok
test nova_radio_test::tests::test_broadcast_tune ... ok
test nova_prophecy_test::test_prophecy_predicts_life ... ok
test nova_radio_test::tests::test_radio_fifo ... ok
test nova_radio_test::tests::test_radio_persistence_manual ... ok
test nova_reflex_test::tests::test_reflex_collision ... ok
test nova_reflex_test::tests::test_reflex_mutation ... ignored
test nova_reflex_test::tests::test_reflex_low_energy ... ok
test nova_relativity_test::tests::test_relativity_toggle ... ok
test nova_relativity_test::tests::test_gravity_accretion ... ok
test nova_resonance_war_test::test_dampen ... ok
test nova_resonance_war_test::test_resonate_updates_grid ... ok
test nova_resonance_war_test::test_sonic_claim_fail_amp ... ok
test nova_resonance_war_test::test_sonic_claim_fail_freq ... ok
test nova_relativity_test::tests::test_time_dilation ... ok
test nova_resonance_war_test::test_sonic_claim_success ... ok
test nova_scent_test::tests::test_scent_decay ... ok
test nova_scent_test::tests::test_emit_scent ... ok
test nova_scent_test::tests::test_smell_scent ... ok
test nova_scent_test::tests::test_track_scent ... ok
test nova_security_test::test_audit ... ok
test nova_security_test::test_vaccinate_verify ... ok
test nova_semiotics_test::tests::test_context_shift ... ignored
test nova_semiotics_test::tests::test_deconstruct ... ignored
test nova_security_test::test_mutation_breaks_immunity ... ok
test nova_semiotics_test::tests::test_symbolize_interpret ... ok
test nova_sigil_dynamic_test::tests::test_dynamic_sigil_lifecycle ... ok
test nova_sigil_dynamic_test::tests::test_sigil_mismatch ... ok
test nova_sigil_test::tests::test_sigil_void ... ok
test nova_sigil_test::tests::test_sigil_vitality ... ok
test nova_signals_test::tests::test_bang_propagation ... ok
test nova_sigil_test::tests::test_sigil_ward ... ok
test nova_signals_test::tests::test_directional_propagation ... ok
test nova_signals_test::tests::test_triggered_execution ... ok
test nova_simulate_test::test_simulate_death ... ok
test nova_splice_test::tests::test_splice_interleave ... ok
test nova_splice_test::tests::test_splice_midpoint ... ok
test nova_spore_test::tests::test_dna_restoration ... ok
test nova_spore_test::tests::test_spore_backtracking ... ok
test nova_simulate_test::test_simulate_survival ... ok
test nova_spore_test::tests::test_spore_mechanics ... ok
test nova_strings_test::tests::test_string_new ... ok
test nova_strings_test::tests::test_string_pluck_listen ... ok
test nova_superposition_test::test_brz_all ... ok
test nova_superposition_test::test_brz_all_success ... ok
test nova_superposition_test::test_autothreading_add ... ok
test nova_superposition_test::test_push_junction ... ok
test nova_superposition_test::test_brz_any ... ok
test nova_symbiosis_test::tests::test_lysis ... ok
test nova_symbiosis_test::tests::test_symbiosis_absorption ... ok
test nova_symbiosis_test::tests::test_symbiosis_concurrent_execution ... ok
test nova_taxis_test::test_chemotaxis_none ... ok
test nova_taxis_test::test_chemotaxis_gradient ... ok
test nova_test::tests::test_apoptosis ... ok
test nova_test::tests::test_epigenetics ... ok
test nova_test::tests::test_excision ... ok
test nova_test::tests::test_incubate ... ok
test nova_test::tests::test_integrase_shift ... ok
test nova_test::tests::test_integrase_append ... ok
test nova_test::tests::test_mitosis ... ok
test nova_test::tests::test_s_index ... ok
test nova_test::tests::test_recombination ... ok
test nova_test::tests::test_telomere_decay ... ok
test nova_topology_test::tests::test_normalize_coords_cylinder_h ... ok
test nova_topology_test::tests::test_normalize_coords_klein ... ok
test nova_topology_test::tests::test_normalize_coords_mobius ... ok
test nova_topology_test::tests::test_normalize_coords_plane ... ok
test nova_topology_test::tests::test_normalize_coords_torus ... ok
test nova_topology_test::tests::test_topology_switching ... ok
test nova_transposon_test::tests::test_transposon_jump ... ok
test nova_virus_test::tests::test_infect_op ... ok
test nova_virus_test::tests::test_outbreak_spread ... ok
test nova_virus_test::tests::test_sanitize ... ok
test nova_radio_test::tests::test_radio_capacity ... ok
test nova_void_test::test_singularity ... ok
test nova_void_test::test_void_spawn_and_consume ... ok
test nova_void_test::test_supernova ... ok
test nova_ward_test::tests::test_ward_trigger ... ok
test nova_waste_test::tests::test_detox ... ok
test nova_waste_test::tests::test_diffusion_performance_and_stability ... ok
test nova_waste_test::tests::test_migrate ... ok
test nova_waste_test::tests::test_waste_accumulation ... ok
test opcode::tests::test_opcode_display_edge_cases ... ok
test opcode::tests::test_opcode_parsing_edge_cases ... ok
test nova_waste_test::tests::test_diffusion_scalar_stack_optimization ... ok
test oracle_test::tests::test_assert_query_fact ... ok
test oracle_test::tests::test_introspection_stack ... ok
test oracle_test::tests::test_dynamic_grid_query ... ok
test oracle_test::tests::test_opcode_predicate ... ok
test oracle_test::tests::test_query_fail ... ok
test oracle_test::tests::test_past_cell_predicate ... ok
test oracle_test::tests::test_variable_unification ... ok
test prion_test::tests::test_mirror ... ok
test prion_test::tests::test_remap ... ok
test prolouge_compiler::tests::test_chaos_block ... ok
test prolouge_compiler::tests::test_genetics_block ... ok
test prion_test::tests::test_restore ... ok
test ribosome_test::test_ribosome_arithmetic ... ok
test ribosome_test::test_ribosome_execution ... ok
test ribosome_test::test_ribosome_logic ... ok
test ribosome_test::tests::test_ribosome_bang ... ok
test ribosome_test::test_ribosome_io ... ok
test ribosome_test::tests::test_ribosome_offset_read ... ok
test ribosome_test::tests::test_ribosome_offset_write ... ok
test ribosome_test::tests::test_void_consume ... ok
test ribozyme_test::tests::test_filter_junction ... ok
test ribozyme_test::tests::test_eval ... ok
test ribozyme_test::tests::test_fold_junction ... ok
test ribozyme_test::tests::test_map_junction ... ok
test ribozyme_test::tests::test_zip_junction ... ok
test seek_test::tests::test_seek_fail ... ok
test seek_test::tests::test_seek_op ... ok
test sentry_brainfuck_test::tests::test_bf_basic_io ... ok
test sentry_brainfuck_test::tests::test_bf_hello_world ... ok
test sentry_brainfuck_test::tests::test_bf_infinite_loop_safety ... ok
test sentry_brainfuck_test::tests::test_bf_unmatched_brackets_safe ... ok
test sentry_brainfuck_test::tests::test_bf_input_exhaustion ... ok
test sentry_nova_test::tests::test_cas9_cut_boundary ... ok
test sentry_nova_test::tests::test_crispr_scan_edge_cases ... ok
test sentry_nova_test::tests::test_entangle_mutation ... ok
test sentry_nova_test::tests::test_excision_last ... ok
test sentry_nova_test::tests::test_gravitate_movement ... ok
test sentry_nova_test::tests::test_integrase_append ... ok
test sentry_nova_test::tests::test_ligase_boundary ... ok
test sentry_nova_test::tests::test_migrate_wrap ... ok
test sentry_nova_test::tests::test_recombine_edge_cases ... ok
test sentry_nova_test::tests::test_simulate_recursion_limit ... ignored
test sentry_nova_test::tests::test_spore_branching ... ok
test song_test::tests::test_song_integration ... ok
test song_test::tests::test_song_of_creation ... ok
test value::test_apply_binary_op_junction_junction_partial_failure ... ok
test value::tests::test_apply_binary_op_int ... ok
test value::tests::test_apply_binary_op_junction_junction ... ok
test value::tests::test_apply_binary_op_junction_scalar ... ok
test value::tests::test_apply_binary_op_scalar_junction ... ok
test value::tests::test_limit_exceeded ... ok
test vm::akashic::tests::test_akashic_display ... ok
test vm::babel_grid_test::tests::test_glossolalia ... ok
test vm::babel_grid_test::tests::test_read_branch ... ok
test vm::babel_grid_test::tests::test_read_sequence ... ok
test vm::babel_grid_test::tests::test_read_string_grammar ... ok
test vm::babel_test::tests::test_babel_compile_simple ... ok
test vm::babel_test::tests::test_babel_parser_alt ... ok
test vm::babel_test::tests::test_babel_parser_match ... ok
test vm::babel_test::tests::test_babel_parser_regex ... ok
test vm::babel_test::tests::test_babel_parser_seq ... ok
test vm::babel_test::tests::test_recursive_grammar ... ok
test vm::babel_virus_test::tests::test_infect_with_grammar ... ok
test vm::babel_virus_test::tests::test_outbreak_rewrite ... ok
test vm::babel_virus_test::tests::test_quorum_sensing ... ok
test vm::bard::tests::test_midi_to_abc_conversion ... ok
test vm::bard::tests::test_score_to_abc_rhythm ... ok
test vm::catalyst::tests::test_synthesize_and_catalyze ... ok
test vm::codex_test::test_codex_opcode ... ok
test vm::codex_test::test_codex_void_bind ... ok
test vm::ecology_test::tests::test_radioactive_death ... ok
test vm::ecology_test::tests::test_scavenger_mechanics ... ok
test sentry_nova_test::tests::test_call_recursion_limit ... ok
test vm::ecology_test::tests::test_spawn_ecology ... ok
test vm::ecology_test::tests::test_viral_transfer ... ok
test vm::ecology_test::tests::test_spawn_food ... ok
test vm::elektra_bridging_test::tests::test_electrophoresis ... ok
test vm::elektra_bridging_test::tests::test_modulate ... ok
test vm::elektra_bridging_test::tests::test_prologue_conductivity ... ok
test vm::evolution::tests::test_programmable_evolution ... ok
test vm::genesis_test::tests::test_self_rewrite_and_perceive ... ok
test vm::hot_reload_test::tests::test_patch_dna_clamp_ip ... ok
test vm::hot_reload_test::tests::test_patch_dna_update ... ok
test vm::nova_attractor_test::tests::test_attractor_modes ... ok
test vm::nova_attractor_test::tests::test_attractor_step_lorenz ... ok
test vm::nova_babel_live_test::tests::test_babel_live_action ... ok
test vm::nova_babel_live_test::tests::test_babel_live_regex ... ignored
test vm::nova_babel_live_test::tests::test_babel_live_string_match ... ok
test vm::nova_babel_live_test::tests::test_babel_live_string_mismatch ... ok
test vm::nova_bestiary_test::tests::test_face_generation ... ok
test vm::nova_bestiary_test::tests::test_name_generation ... ok
test vm::nova_bestiary_test::tests::test_traits_analysis ... ok
test vm::nova_biomesh_signal_test::tests::test_biomesh_signal_propagation ... ok
test vm::nova_biomesh_test::test_mesh_creation ... ok
test vm::nova_biomesh_test::test_mesh_grow_connect ... ok
test vm::nova_biomesh_test::test_mesh_send_recv ... ok
test vm::nova_botany_test::tests::test_genetic_synthesis ... ok
test vm::nova_botany_test::tests::test_plant_drawing ... ok
test vm::nova_botany_test::tests::test_plant_resonance_boost ... ok
test vm::nova_botany_test::tests::test_plant_singing ... ok
test vm::nova_botany_test::tests::test_plant_sowing ... ok
test vm::nova_chemistry::tests::test_brew_acid ... ok
test vm::nova_chemistry::tests::test_brew_elixir ... ok
test vm::nova_chemistry::tests::test_brew_steam ... ok
test vm::nova_chemistry::tests::test_mix_creation ... ok
test vm::nova_chemistry::tests::test_mix_radius_zero ... ok
test vm::nova_chemistry::tests::test_splash_acid ... ok
test vm::nova_chemistry::tests::test_splash_elixir ... ok
test vm::nova_chemistry::tests::test_splash_out_of_bounds ... ok
test vm::nova_chromatin::tests::test_blue_dampening ... ok
test vm::nova_chromatin::tests::test_green_mutation ... ok
test vm::nova_chromatin::tests::test_green_photosynthesis ... ok
test vm::nova_chromatin::tests::test_red_amplification ... ok
test vm::nova_chronos_local_test::tests::test_time_warp_acceleration ... ok
test vm::nova_chronos_local_test::tests::test_time_warp_stasis ... ok
test vm::nova_chronos_splice_test::tests::test_chronos_splice ... ok
test vm::nova_chronos_test::tests::test_chronostasis ... ok
test vm::nova_flux_test::tests::test_flux_emitter ... ok
test vm::nova_flux_test::tests::test_flux_saturation ... ok
test vm::nova_flux_test::tests::test_jam_emitter ... ignored
test vm::nova_flux_test::tests::test_wisp_spawn ... ok
test vm::nova_fractal_test::test_iterate ... ok
test vm::nova_fractal_test::test_julia_mode ... ok
test vm::nova_fractal_test::test_mandelbrot_mode ... ok
test vm::nova_fractal_test::test_zoom ... ok
test vm::nova_harvest_test::tests::test_orca_harvest_success ... ignored
test vm::nova_harvest_test::tests::test_orca_harvest_unknown ... ignored
test vm::nova_hologram_grammar_test::test_holo_grammar_invocation ... ok
test vm::nova_hologram_grammar_test::test_holo_speak_generation ... ok
test vm::nova_linguistics_test::tests::test_anagram ... ok
test vm::nova_linguistics_test::tests::test_cipher ... ok
test vm::nova_linguistics_test::tests::test_levenshtein ... ok
test vm::nova_linguistics_test::tests::test_pangram ... ok
test vm::nova_linguistics_test::tests::test_soundex ... ok
test vm::nova_mirrors_test::tests::test_laser_mirror_backslash ... ok
test vm::nova_mirrors_test::tests::test_laser_mirror_slash ... ok
test vm::nova_optics_test::tests::test_optics_prism_split ... ignored, 👺 HAVOC: Fuzzing / Flaky Optic Path
test vm::nova_optics_test::tests::test_optics_reflector_reflection ... ignored, 👺 HAVOC: Fuzzing / Flaky Optic Path
test vm::nova_orca_evolution_test::tests::test_jumper ... ok
test vm::nova_orca_evolution_test::tests::test_warp ... ok
test vm::nova_orca_midi_test::tests::test_orca_midi_cc ... ok
test vm::nova_orca_midi_test::tests::test_orca_midi_note ... ok
test vm::nova_orca_midi_test::tests::test_orca_random ... ignored
test vm::nova_orca_test::tests::test_custom_operator_f ... ok
test vm::nova_orca_test::tests::test_orca_add ... ok
test vm::nova_orca_test::tests::test_orca_base36 ... ok
test vm::nova_orca_test::tests::test_orca_clock ... ok
test vm::nova_orca_test::tests::test_orca_ether ... ok
test vm::nova_orca_test::tests::test_orca_io ... ok
test vm::nova_orca_test::tests::test_orca_laser ... ok
test vm::nova_orca_test::tests::test_orca_logic ... ok
test vm::nova_orca_test::tests::test_orca_modulo ... ok
test vm::nova_orca_test::tests::test_orca_oracle ... ok
test vm::nova_orca_test::tests::test_orca_query ... ok
test vm::nova_orca_test::tests::test_orca_stack_io ... ok
test vm::nova_orca_test::tests::test_orca_teleport ... ok
test vm::nova_orca_test::tests::test_orca_unzip ... ok
test vm::nova_orca_test::tests::test_orca_voltage ... ok
test vm::nova_paleontology_test::test_carbon_date ... ok
test vm::nova_paleontology_test::test_fossilize_and_unearth ... ok
test vm::nova_phage_test::tests::test_phage_bounce_wall ... ok
test vm::nova_phage_test::tests::test_phage_infection_on_host ... ok
test vm::nova_phage_test::tests::test_phage_mutation_on_bang ... ok
test vm::nova_phage_test::tests::test_phage_spawn_and_move ... ok
test vm::nova_pocket_test::tests::test_pocket_bounds ... ok
test vm::nova_pocket_test::tests::test_pocket_unpocket ... ok
test vm::nova_pocket_test::tests::test_recursive_pocket ... ok
test vm::nova_quantum_scribe_test::tests::test_quantum_scan_scribe_loop ... ok
test vm::nova_quipu_test::test_quipu_knot_and_read ... ok
test vm::nova_quipu_test::test_quipu_multiple_knots ... ok
test vm::nova_quipu_test::test_quipu_tangle ... ok
test vm::nova_quipu_test::test_quipu_unknot ... ok
test vm::nova_raku_test::test_cross_mul ... ok
test vm::nova_raku_test::test_hyper_add ... ok
test vm::nova_raku_test::test_reduce_add ... ok
test vm::nova_raku_test::test_zip_with_add ... ok
test vm::nova_reactor_signal_test::tests::test_reactor_meltdown ... ok
test vm::nova_reactor_signal_test::tests::test_reactor_stable_fusion ... ok
test vm::nova_reactor_test::tests::test_reactor_exec_opcode ... ok
test vm::nova_reactor_test::tests::test_reactor_simple_rule ... ok
test vm::nova_retina_test::tests::test_retina_clear ... ok
test vm::nova_retina_test::tests::test_retina_draw ... ok
test vm::nova_retina_test::tests::test_retina_size ... ok
test vm::nova_sequencer_test::tests::test_orca_gene_read ... ok
test vm::nova_sequencer_test::tests::test_orca_kill ... ok
test vm::nova_sequencer_test::tests::test_orca_play ... ok
test vm::nova_sequencer_test::tests::test_orca_synthesis ... ok
test vm::nova_sigil_integration_test::tests::test_kb_operator ... ok
test vm::nova_sigil_integration_test::tests::test_sigil_activation ... ok
test vm::nova_siren_test::tests::test_omega_entropy_sink ... ok
test vm::nova_siren_test::tests::test_phi_resonance ... ok
test vm::nova_siren_test::tests::test_psi_observer ... ok
test vm::nova_sovereignty_test::tests::test_cede ... ok
test vm::nova_sovereignty_test::tests::test_claim_and_sovereignty ... ok
test vm::nova_sovereignty_test::tests::test_taxation ... ok
test nova_test::tests::test_telomerase ... ok
test vm::nova_void_test::tests::test_void_cast ... ok
test vm::nova_void_test::tests::test_void_rift_lifecycle ... ok
test vm::nova_weaver_test::tests::test_unravel ... ok
test vm::nova_weaver_test::tests::test_weave_pattern_strand ... ok
test vm::nova_weaver_test::tests::test_weave_pattern_string ... ok
test vm::pandemonium::tests::test_duplicate ... ok
test vm::pandemonium::tests::test_mutagen ... ok
test vm::pandemonium::tests::test_purge ... ok
test vm::prologue::alchemist_test::test_alchemist_transmutation ... ok
test vm::prologue::alchemy::tests::test_liquefy_and_solidify ... ok
test vm::prologue::architect_test::test_architect_life ... ok
test vm::prologue::architect_test::test_architect_rotate ... ok
test vm::prologue::gardener_test::test_gardener_harvest ... ok
test vm::prologue::gardener_test::test_gardener_nurture ... ok
test vm::prologue::gardener_test::test_gardener_planting ... ok
test vm::prologue::gardener_test::test_gardener_state_serialization ... ok
test vm::prologue::golem_test::test_golem_collision ... ok
test vm::prologue::golem_test::test_golem_complex_shape ... ok
test vm::prologue::golem_test::test_golem_movement ... ok
test vm::prologue::list::tests::apply_list_runes_test ... ok
test vm::prologue::mesmerist_test::tests::test_mesmerist_cone ... ok
test vm::prologue::mesmerist_test::tests::test_mesmerist_gaze ... ok
test vm::prologue::nova_phage_test::test_phage_mutation ... ok
test vm::prologue::phonetics_test::test_phonetic_transmutation ... ok
test vm::prologue::phonetics_test::test_phonetic_transmutation_air ... ok
test vm::prologue::phonetics_test::test_phonetic_transmutation_fire ... ok
test vm::prologue::phonetics_test::test_phonetic_transmutation_water ... ok
test vm::prologue::phonetics_test::test_phonetics_analyze ... ok
test vm::prologue::prologue_chroma_test::test_chroma_brush ... ok
test vm::prologue::prologue_chroma_test::test_chroma_extraction ... ok
test vm::prologue::prologue_chroma_test::test_chroma_eye ... ok
test vm::prologue::prologue_chroma_test::test_chroma_palette ... ok
test vm::prologue::prologue_chromatin_test::test_chromatin_amplifying ... ok
test vm::prologue::prologue_chromatin_test::test_chromatin_silencing ... ok
test vm::prologue::prologue_critter_behavior_test::tests::test_critter_attack ... ok
test vm::prologue::prologue_critter_behavior_test::tests::test_critter_collision_breeding ... ok
test vm::prologue::prologue_critter_behavior_test::tests::test_critter_death ... ok
test vm::prologue::prologue_critter_behavior_test::tests::test_critter_legacy_moves ... ok
test vm::prologue::prologue_critter_behavior_test::tests::test_critter_mark ... ok
test vm::prologue::prologue_critter_behavior_test::tests::test_critter_split ... ok
test vm::prologue::prologue_critter_behavior_test::tests::test_critter_split_fail_low_energy ... ok
test vm::prologue::prologue_echo_test::test_echo_record_playback ... ok
test vm::prologue::prologue_echo_test::test_echo_reverse ... ok
test vm::prologue::prologue_elektra_test::test_advanced_components ... ok
test vm::prologue::prologue_elektra_test::test_bio_voltaics ... ok
test vm::prologue::prologue_elektra_test::test_elektra_runes ... ok
test vm::prologue::prologue_enzymes_test::test_chromatin_reprogramming ... ok
test vm::prologue::prologue_enzymes_test::test_ligase_join ... ok
test vm::prologue::prologue_enzymes_test::test_splicer_split ... ok
test vm::prologue::prologue_enzymes_test::test_weaver_reverse_translation ... ok
test vm::prologue::prologue_evolution_v2_test::test_incubate_grid ... ok
test vm::prologue::prologue_forth_test::tests::test_forth_agent_math ... ok
test vm::prologue::prologue_forth_v2_test::test_forth_skip ... ok
test vm::prologue::prologue_forth_v2_test::test_forth_stack_ops ... ok
test vm::prologue::prologue_genesis_test::tests::test_genesis_rune ... ok
test vm::prologue::prologue_genesis_test::tests::test_ligation_rune ... ok
test vm::prologue::prologue_green_spore_test::test_green_spore_spawn ... ok
test vm::prologue::prologue_library_test::test_dynamic_compilation ... ok
test vm::prologue::prologue_library_test::test_library_write_read ... ok
test vm::prologue::prologue_library_test::test_scholar_agent ... ok
test vm::prologue::prologue_linguistics_test::tests::test_linguistics_join ... ok
test vm::prologue::prologue_linguistics_test::tests::test_linguistics_levenshtein ... ok
test vm::prologue::prologue_linguistics_test::tests::test_linguistics_regex ... ok
test vm::prologue::prologue_linguistics_test::tests::test_linguistics_shift_case ... ok
test vm::prologue::prologue_linguistics_test::tests::test_linguistics_split ... ok
test vm::prologue::prologue_linguistics_test::tests::test_linguistics_stringify ... ok
test vm::prologue::prologue_logic_agent_test::test_logic_agent_fail_unification ... ok
test vm::prologue::prologue_logic_agent_test::test_logic_agent_unification ... ok
test vm::prologue::prologue_logos_test::tests::test_logos_definition_and_generation ... ok
test vm::prologue::prologue_logos_test::tests::test_logos_execution ... ok
test vm::prologue::prologue_logos_test::tests::test_logos_mutation ... ok
test vm::prologue::prologue_mycelium_test::test_mycelium_network ... ok
test vm::prologue::prologue_oracle_test::test_oracle_runes ... ok
test vm::prologue::prologue_resonance_test::tests::test_resonance_chord ... ok
test vm::prologue::prologue_resonance_test::tests::test_resonance_drum ... ok
test vm::prologue::prologue_resonance_test::tests::test_resonance_note ... ok
test vm::prologue::prologue_runecraft_test::tests::test_custom_rune_definition ... ok
test vm::prologue::prologue_runecraft_test::tests::test_custom_rune_execution ... ok
test vm::prologue::prologue_spectral_evolution_test::test_spectral_blue_logic ... ok
test vm::prologue::prologue_spectral_evolution_test::test_spectral_green_logic ... ok
test vm::prologue::prologue_spectral_evolution_test::test_spectral_red_logic ... ok
test vm::prologue::ribozyme_agent_test::test_ribozyme_agent ... ok
test vm::prologue::tests::test_prologue_circuit ... ok
test vm::prologue::weave_test::test_weave_circuit ... ok
test vm::prologue::weaver_test::test_weaver_synthesis ... ok
test vm::prologue::wizard_test::test_wizard_alchemy ... ok
test vm::prologue::wizard_test::test_wizard_polymorph ... ok
test vm::prologue::wizard_test::test_wizard_spawn_and_move ... ok
test vm::prologue_alchemy_test::test_distill_string ... ok
test vm::prologue_alchemy_test::test_fuse_string_int ... ok
test vm::prologue_alchemy_test::test_transmute_to_int ... ok
test vm::prologue_alchemy_test::test_transmute_to_string ... ok
test vm::prologue_altar_test::test_altar_elemental_convergence ... ok
test vm::prologue_altar_test::test_altar_void_ritual ... ok
test vm::prologue_biolum_test::test_biolum_absorber ... ok
test vm::prologue_biolum_test::test_biolum_emitter ... ok
test vm::prologue_biolum_test::test_biolum_sensor ... ok
test vm::prologue_chaos_test::tests::test_chaos_source_rune ... ok
test vm::prologue_chaos_test::tests::test_glitch_rune ... ok
test vm::prologue_chaos_test::tests::test_havoc_rune ... ok
test vm::prologue_chronos_test::tests::test_chronos_delay_line ... ok
test vm::prologue_chronos_test::tests::test_chronos_reverse ... ok
test vm::prologue_construct_test::tests::test_construct_capture_and_paste ... ok
test vm::prologue_construct_test::tests::test_construct_dimensions ... ok
test vm::prologue_critter_test::test_critter_attack ... ok
test vm::prologue_critter_test::test_critter_collision_breed ... ok
test vm::prologue_critter_test::test_critter_eat ... ok
test vm::prologue_critter_test::test_critter_movement_legacy ... ok
test vm::prologue_critter_test::test_critter_movement_relative ... ok
test vm::prologue_critter_test::test_critter_persistence ... ok
test vm::prologue_critter_test::test_critter_split ... ok
test vm::prologue_critter_test::test_critter_turn ... ok
test vm::prologue_darwin_test::test_darwin_rune ... ok
test vm::prologue_elemental_test::tests::test_element_generation ... ok
test vm::prologue_elemental_test::tests::test_elemental_mixing_lava ... ok
test vm::prologue_elemental_test::tests::test_elemental_mixing_steam ... ok
test vm::prologue_elemental_test::tests::test_fire_propagation ... ok
test vm::prologue_epigenetics_test::test_epigenetic_methylation ... ok
test vm::prologue_epigenetics_test::test_epigenetic_rune_application ... ok
test vm::prologue_epigenetics_test::test_phosphorylation_amplify ... ok
test vm::prologue_evolution_test::tests::test_evolve_rune ... ok
test vm::prologue_evolution_test::tests::test_genesis_rune ... ok
test vm::prologue_evolution_test::tests::test_length_rune ... ok
test vm::prologue_evolution_test::tests::test_nucleotide_rune ... ok
test vm::prologue_necromancy_test::test_necromancy_bury_exhume ... ok
test vm::prologue_necromancy_test::test_necromancy_seance ... ok
test vm::prologue_new_runes_test::tests::test_rune_clock ... ok
test vm::prologue_new_runes_test::tests::test_rune_directional ... ok
test vm::prologue_new_runes_test::tests::test_rune_jumper ... ok
test vm::prologue_new_runes_test::tests::test_rune_warp ... ok
test vm::prologue_oneiric_test::tests::test_dream_diffusion ... ok
test vm::prologue_oneiric_test::tests::test_dream_entry ... ok
test vm::prologue_oneiric_test::tests::test_dream_wake ... ok
test vm::prologue_oom_test::tests::test_unbounded_strand_growth_via_x_rune ... ok
test vm::prologue_optics_test::tests::test_rune_beam_horizontal ... ok
test vm::prologue_optics_test::tests::test_rune_mirror_back ... ok
test vm::prologue_optics_test::tests::test_rune_mirror_forward ... ok
test vm::prologue_pandemonium_test::tests::test_chaos_sink ... ok
test vm::prologue_pandemonium_test::tests::test_chaos_source ... ok
test vm::prologue_pandemonium_test::tests::test_noise_wire ... ok
test vm::prologue_quantum_test::tests::test_quantum_measurement ... ok
test vm::prologue_quantum_test::tests::test_quantum_superposition ... ok
test vm::prologue_quantum_test::tests::test_teleportation ... ok
test vm::prologue_repro::tests::test_collect_scatter_runes ... ok
test vm::prologue_repro::tests::test_list_ops_runes ... ok
test vm::prologue_symbiosis_test::tests::test_parasite_rune ... ok
test vm::prologue_symbiosis_test::tests::test_symbiosis_akashic ... ok
test vm::prologue_symbiosis_test::tests::test_symbiosis_upload ... ok
test vm::prologue_symbiosis_test::tests::test_symbiosis_yank ... ok
test vm::prologue_symbiosis_test::tests::test_xenograft_rune ... ok
test vm::prologue_test::test_arithmetic_runes ... ok
test vm::prologue_test::test_comparison_runes ... ok
test vm::prologue_test::test_ether_runes ... ok
test vm::prologue_test::test_if_rune ... ok
test vm::prologue_test::test_jump_rune ... ok
test vm::prologue_test::test_modulo_rune ... ok
test vm::prologue_test::test_mutate_rune ... ok
test vm::prologue_test::test_organelle_rune ... ok
test vm::prologue_test::test_scribe_rune ... ok
test vm::prologue_virology_test::test_antibody_cleaning ... ok
test vm::prologue_virology_test::test_infect_injection ... ok
test vm::prologue_virology_test::test_virus_replication ... ok
test vm::prologue_void_rift_test::test_infinity_rune_peek ... ok
test vm::prologue_void_rift_test::test_void_out_drains_rift ... ok
test vm::prologue_void_test::test_vacuum_rune ... ok
test vm::prologue_void_test::test_void_in_rune ... ok
test vm::prologue_void_test::test_void_out_rune ... ok
test vm::savant_execution_test::tests::test_rule_duplication ... ok
test vm::savant_execution_test::tests::test_savant_logic_loop ... ok
test vm::sentry_ribosome_tests::test_ribosome_control_flow_bug ... ok
test vm::sentry_value_test::test_value_depth ... ok
test vm::sequencer_test::tests::test_voltage_patch ... ok
test vm::tests::test_add ... ok
test vm::tests::test_brz ... ok
test vm::tests::test_consume_overflow ... ok
test vm::tests::test_consume_survival ... ok
test vm::tests::test_div_by_zero ... ok
test vm::tests::test_div_overflow ... ok
test vm::tests::test_gallifrey_display ... ok
test vm::tests::test_genome ... ok
test vm::tests::test_grid_ops ... ok
test vm::tests::test_jump ... ok
test vm::tests::test_jump_s ... ok
test vm::tests::test_metabolism ... ok
test vm::tests::test_radiate ... ok
test vm::tests::test_siphon ... ok
test vm::tests::test_stack_underflow ... ok
test vm::tests::test_starvation ... ok
test vm::tests::test_transcribe ... ok
test vm::tests::test_type_mismatch ... ok
test vm::tests::test_virus_enzyme ... ok
test vm::tests::test_virus_int ... ok
test vm::verbum_test::tests::test_etymology ... ok
test vm::verbum_test::tests::test_forge_and_invoke_manual ... ok
test vm::verbum_test::tests::test_opcode_forge ... ok
test vm::verbum_test::tests::test_opcode_speak ... ok
test vm::warden_overflow_test::tests::test_brew_overflow ... ok
test warden_dos_simulation::tests::test_simulation_depth_protection ... ok
test warden_dos_test::ribosome_dos_tests::test_dos_ribosome_bang_explosion ... ok
test warden_dos_test::tests::test_chord_registry_dos_limit ... ok
test warden_dos_test::tests::test_dos_organelle_swarm ... ok
test warden_dos_test::tests::test_dos_reflex_storm ... ok
test warden_dos_test::tests::test_dos_spore_bomb ... ok
test warden_dos_test::tests::test_ether_dos_limit ... ok
test warden_dos_test::tests::test_pocket_radius_cap ... ok
test warden_dos_test::tests::test_reflex_dos_limit ... ok
test warden_dos_test::tests::test_strand_limit ... ok
test warden_exploit_test::tests::test_detox_overflow_panic ... ok
test warden_exploit_test::tests::test_exploit_diffuse_hormones_overflow ... ok
test warden_exploit_test::tests::test_exploit_get_circular_coords_coord_overflow ... ok
test warden_exploit_test::tests::test_exploit_get_circular_coords_overflow ... ok
test warden_exploit_test::tests::test_irradiate_overflow_panic ... ok
test warden_graveyard_test::tests::test_graveyard_limit ... ok
test warden_memory_test::tests::test_dos_incubate_memory ... ok
test warden_memory_test::tests::test_dos_methylate_epigenome_size ... ok
test warden_memory_test::tests::test_stack_overflow_nucleotide_formatting ... ok
test warden_oom_test::tests::test_cambrian_unbounded_strands_dos ... ok
test warden_parser_test::tests::test_parse_huge_number_safety ... ok
test havoc_ipc_bomb::tests::test_ipc_bomb_unbounded_read ... ok
test warden_resources_test::tests::test_brainfuck_output_limit ... ok
test warden_resources_test::tests::test_meme_limit ... ok
test warden_resources_test::tests::test_virus_limit ... ok
test warden_planes_dos_test::tests::test_planes_unbounded_allocation ... ok
test vm::nova_strings::tests::test_string_limit ... ok
test vm::evolution::tests::test_evolution_convergence ... ok

test result: ok. 670 passed; 0 failed; 13 ignored; 0 measured; 0 filtered out; finished in 10.47s

     Running unittests src/main.rs (target/debug/deps/chimera_lang-943fbdb71a288853)

running 0 tests

test result: ok. 0 passed; 0 failed; 0 ignored; 0 measured; 0 filtered out; finished in 0.00s

     Running unittests src/bin/debug_song_integration.rs (target/debug/deps/debug_song_integration-6c325acd50bb2396)

running 0 tests

test result: ok. 0 passed; 0 failed; 0 ignored; 0 measured; 0 filtered out; finished in 0.00s

     Running unittests src/bin/run_test4.rs (target/debug/deps/run_test4-8b5bcbe2ab0c8810)

running 0 tests

test result: ok. 0 passed; 0 failed; 0 ignored; 0 measured; 0 filtered out; finished in 0.00s

     Running tests/acoustic_language_test.rs (target/debug/deps/acoustic_language_test-1198d4f54ef96b88)

running 0 tests

test result: ok. 0 passed; 0 failed; 0 ignored; 0 measured; 0 filtered out; finished in 0.00s

     Running tests/akashic_security_test.rs (target/debug/deps/akashic_security_test-db1c0956a5a0e39d)

running 2 tests
test test_akashic_corruption_prevention ... ok
test test_akashic_read_limit ... ok

test result: ok. 2 passed; 0 failed; 0 ignored; 0 measured; 0 filtered out; finished in 0.03s

     Running tests/akashic_test.rs (target/debug/deps/akashic_test-8c95fcf2e4f701de)

running 2 tests
test tests::test_akashic_storage ... ignored, 👺 HAVOC: Flaky on parallel test execution due to shared file
test tests::test_karma_miracle ... ok

test result: ok. 1 passed; 0 failed; 1 ignored; 0 measured; 0 filtered out; finished in 0.00s

     Running tests/api_dx_test.rs (target/debug/deps/api_dx_test-e045277a40ae5f18)

running 1 test
test test_simplified_api ... ok

test result: ok. 1 passed; 0 failed; 0 ignored; 0 measured; 0 filtered out; finished in 0.00s

     Running tests/babel_evolution_test.rs (target/debug/deps/babel_evolution_test-43c970ebdaec61d8)

running 3 tests
test tests::test_grammar_generation ... ok
test tests::test_grammar_mutation ... ok
test tests::test_recursion_limit ... ok

test result: ok. 3 passed; 0 failed; 0 ignored; 0 measured; 0 filtered out; finished in 0.00s

     Running tests/babel_tongue_test.rs (target/debug/deps/babel_tongue_test-a5eecb82b66718fb)

running 1 test
test test_babel_tongue ... ok

test result: ok. 1 passed; 0 failed; 0 ignored; 0 measured; 0 filtered out; finished in 0.01s

     Running tests/biolum_test.rs (target/debug/deps/biolum_test-f34bb764975ad53a)

running 2 tests
test tests::test_luciferin ... ok
test tests::test_photophore ... ok

test result: ok. 2 passed; 0 failed; 0 ignored; 0 measured; 0 filtered out; finished in 0.00s

     Running tests/biophysics_axon_test.rs (target/debug/deps/biophysics_axon_test-d17143bc97202d16)

running 0 tests

test result: ok. 0 passed; 0 failed; 0 ignored; 0 measured; 0 filtered out; finished in 0.00s

     Running tests/cambrian_test.rs (target/debug/deps/cambrian_test-fef160ec2cd23a75)

running 2 tests
test tests::test_morphogen_emission_and_diffusion ... ok
test tests::test_hox_switch ... ok

test result: ok. 2 passed; 0 failed; 0 ignored; 0 measured; 0 filtered out; finished in 0.01s

     Running tests/censor_test.rs (target/debug/deps/censor_test-097e2c505d5c55e8)

running 1 test
test test_censor_logic ... ok

test result: ok. 1 passed; 0 failed; 0 ignored; 0 measured; 0 filtered out; finished in 0.00s

     Running tests/chroma_test.rs (target/debug/deps/chroma_test-70d391f8b9947115)

running 3 tests
test tests::test_red_amplification ... ok
test tests::test_blue_logic ... ok
test tests::test_green_crossover ... ok

test result: ok. 3 passed; 0 failed; 0 ignored; 0 measured; 0 filtered out; finished in 0.00s

     Running tests/chronos_test.rs (target/debug/deps/chronos_test-7c22b03d6b03c0b8)

running 1 test
test tests::test_retrograde ... ok

test result: ok. 1 passed; 0 failed; 0 ignored; 0 measured; 0 filtered out; finished in 0.01s

     Running tests/crispr_syntax_test.rs (target/debug/deps/crispr_syntax_test-ffafd9f9e593b290)

running 1 test
test test_crispr_syntax_compile_and_run ... ok

test result: ok. 1 passed; 0 failed; 0 ignored; 0 measured; 0 filtered out; finished in 0.01s

     Running tests/cuneiform_test.rs (target/debug/deps/cuneiform_test-7e96949bd13d1643)

running 2 tests
test test_cuneiform_retract ... ok
test test_cuneiform_omen ... ok

test result: ok. 2 passed; 0 failed; 0 ignored; 0 measured; 0 filtered out; finished in 0.00s

     Running tests/diffusion_bench.rs (target/debug/deps/diffusion_bench-980a9ffbee5ffcfa)

running 1 test
test tests::bench_diffusion ... ok

test result: ok. 1 passed; 0 failed; 0 ignored; 0 measured; 0 filtered out; finished in 0.58s

     Running tests/divergence_test.rs (target/debug/deps/divergence_test-5b4234abad30cf6a)

running 1 test
test tests::test_divergence_mechanism ... ok

test result: ok. 1 passed; 0 failed; 0 ignored; 0 measured; 0 filtered out; finished in 0.07s

     Running tests/elektra_madness_test.rs (target/debug/deps/elektra_madness_test-3f7ba2f31bd155b7)

running 2 tests
test elektra_madness::test_galvanize_resurrection ... ok
test elektra_madness::test_tesla_coil_fries_organelles ... ok

test result: ok. 2 passed; 0 failed; 0 ignored; 0 measured; 0 filtered out; finished in 0.00s

     Running tests/entropy_storm_test.rs (target/debug/deps/entropy_storm_test-654e22f71a6ab795)

running 2 tests
test test_entropy_surge ... ok
test test_quantum_tunnel ... ok

test result: ok. 2 passed; 0 failed; 0 ignored; 0 measured; 0 filtered out; finished in 0.00s

     Running tests/entropy_test.rs (target/debug/deps/entropy_test-b722264dd368e2a8)

running 2 tests
test tests::test_void_trail ... ok
test tests::test_entropy_basics ... ok

test result: ok. 2 passed; 0 failed; 0 ignored; 0 measured; 0 filtered out; finished in 0.01s

     Running tests/evolution_test.rs (target/debug/deps/evolution_test-208866432d186f37)

running 2 tests
test test_prophecy_rune ... ignored
test test_entangle_rune ... ok

test result: ok. 1 passed; 0 failed; 1 ignored; 0 measured; 0 filtered out; finished in 0.00s

     Running tests/functional_test.rs (target/debug/deps/functional_test-b88f6378f2eeb00e)

running 4 tests
test tests::test_crossover ... ok
test tests::test_quote ... ok
test tests::test_curry ... ok
test tests::test_chain ... ok

test result: ok. 4 passed; 0 failed; 0 ignored; 0 measured; 0 filtered out; finished in 0.01s

     Running tests/glossolalia_test.rs (target/debug/deps/glossolalia_test-ede5c7469409df8f)

running 3 tests
test test_oracle_generate ... ok
test test_glossolalia_scribe ... ok
test test_glossolalia_generate ... ok

test result: ok. 3 passed; 0 failed; 0 ignored; 0 measured; 0 filtered out; finished in 0.01s

     Running tests/havoc.rs (target/debug/deps/havoc-4288ee020503180e)

running 1 test
test test_nova_botany_nth_unwrap_crash ... ok

test result: ok. 1 passed; 0 failed; 0 ignored; 0 measured; 0 filtered out; finished in 0.04s

     Running tests/havoc_attacks.rs (target/debug/deps/havoc_attacks-07d995af14e912b5)

running 3 tests
test tests::test_scavenge_path_traversal ... ok
test tests::test_digest_negative_offset ... ok
test tests::test_deep_zip_bomb ... ok

test result: ok. 3 passed; 0 failed; 0 ignored; 0 measured; 0 filtered out; finished in 0.07s

     Running tests/havoc_automaton_dos.rs (target/debug/deps/havoc_automaton_dos-9259bf2370de21a0)

running 1 test
test test_automaton_jump_performance ... ok

test result: ok. 1 passed; 0 failed; 0 ignored; 0 measured; 0 filtered out; finished in 0.01s

     Running tests/havoc_dos.rs (target/debug/deps/havoc_dos-2adf1be706e76eb7)

running 1 test
test tests::test_val_blowup_stack_overflow ... ok

test result: ok. 1 passed; 0 failed; 0 ignored; 0 measured; 0 filtered out; finished in 4.14s

     Running tests/havoc_fractal_dos_prevention.rs (target/debug/deps/havoc_fractal_dos_prevention-5df701fc3c2016d1)

running 1 test
test tests::test_fractal_dos_prevention ... ok

test result: ok. 1 passed; 0 failed; 0 ignored; 0 measured; 0 filtered out; finished in 0.00s

     Running tests/havoc_fuzz.rs (target/debug/deps/havoc_fuzz-f9f63564c92fa1ab)

running 1 test
test test_havoc_fuzz ... ignored, 👺 HAVOC: OOM is expected behavior in fuzzing

test result: ok. 0 passed; 0 failed; 1 ignored; 0 measured; 0 filtered out; finished in 0.00s

     Running tests/havoc_hash_overflow.rs (target/debug/deps/havoc_hash_overflow-306e5e8c42feb0de)

running 1 test

running 1 test
test test_hash_overflow_exploit ... ok

test result: ok. 1 passed; 0 failed; 0 ignored; 0 measured; 0 filtered out; finished in 0.01s

     Running tests/havoc_ipc.rs (target/debug/deps/havoc_ipc-2e9e040fd3933e45)

running 1 test
test havoc_ipc_vulnerability_suite ... ok

test result: ok. 1 passed; 0 failed; 0 ignored; 0 measured; 0 filtered out; finished in 0.00s

     Running tests/havoc_lisp_bomb_test.rs (target/debug/deps/havoc_lisp_bomb_test-872b846a8ffbcb2a)

running 1 test
test test_lisp_recursion_bomb ... ok

test result: ok. 1 passed; 0 failed; 0 ignored; 0 measured; 0 filtered out; finished in 0.01s

     Running tests/havoc_loom.rs (target/debug/deps/havoc_loom-15f6645c9ac6719e)

running 0 tests

test result: ok. 0 passed; 0 failed; 0 ignored; 0 measured; 0 filtered out; finished in 0.00s

     Running tests/havoc_mem_bomb_test.rs (target/debug/deps/havoc_mem_bomb_test-1ab2802739d1fb26)

running 1 test
test test_mem_bomb ... ignored

test result: ok. 0 passed; 0 failed; 1 ignored; 0 measured; 0 filtered out; finished in 0.00s

     Running tests/havoc_memory_leak.rs (target/debug/deps/havoc_memory_leak-434a1a2710bb9106)

running 1 test
test tests::test_cladistics_memory_leak ... ignored, 👺 HAVOC: OOM is expected behavior in fuzzing

test result: ok. 0 passed; 0 failed; 1 ignored; 0 measured; 0 filtered out; finished in 0.00s

     Running tests/havoc_nan_ballistics.rs (target/debug/deps/havoc_nan_ballistics-6d75587c1234b524)

running 1 test
test tests::test_nan_teleport_safety ... ok

test result: ok. 1 passed; 0 failed; 0 ignored; 0 measured; 0 filtered out; finished in 0.00s

     Running tests/havoc_pandemonium.rs (target/debug/deps/havoc_pandemonium-92d6e859664cc947)

running 1 test
test test_fuse_explosion_capped ... ok

test result: ok. 1 passed; 0 failed; 0 ignored; 0 measured; 0 filtered out; finished in 0.01s

     Running tests/havoc_paradox.rs (target/debug/deps/havoc_paradox-819ba8cfac8e0f45)

running 1 test
test test_havoc_paradox_triggers_and_do_at_end ... ignored, 👺 HAVOC: Intended Panic

test result: ok. 0 passed; 0 failed; 1 ignored; 0 measured; 0 filtered out; finished in 0.00s

     Running tests/havoc_paradox_test.rs (target/debug/deps/havoc_paradox_test-9b5b983c89019ebd)

running 1 test
test tests::test_havoc_paradox_out_of_bounds ... ok

test result: ok. 1 passed; 0 failed; 0 ignored; 0 measured; 0 filtered out; finished in 0.00s

     Running tests/havoc_prism_attack.rs (target/debug/deps/havoc_prism_attack-b4c7bcec3819fbbb)

running 1 test
test test_prism_cascade ... ok

test result: ok. 1 passed; 0 failed; 0 ignored; 0 measured; 0 filtered out; finished in 0.09s

     Running tests/havoc_prologue_fuzz.rs (target/debug/deps/havoc_prologue_fuzz-3ba76613904c687d)

running 1 test
test test_prologue_parser_fuzz ... ok

test result: ok. 1 passed; 0 failed; 0 ignored; 0 measured; 0 filtered out; finished in 0.03s

     Running tests/havoc_proptest.rs (target/debug/deps/havoc_proptest-1278c951c0bbfdce)

running 1 test
test test_vm_fuzz ... ok

test result: ok. 1 passed; 0 failed; 0 ignored; 0 measured; 0 filtered out; finished in 0.48s

     Running tests/havoc_recursion.rs (target/debug/deps/havoc_recursion-d95678d490d11205)

running 1 test
test tests::test_deeply_nested_junction_crash ... ok

test result: ok. 1 passed; 0 failed; 0 ignored; 0 measured; 0 filtered out; finished in 0.00s

     Running tests/havoc_string_bomb.rs (target/debug/deps/havoc_string_bomb-77ca43c9285837d7)

running 1 test
test tests::test_string_bomb_safety ... ignored, 👺 HAVOC: Buffer Overflow expected

test result: ok. 0 passed; 0 failed; 1 ignored; 0 measured; 0 filtered out; finished in 0.00s

     Running tests/havoc_test.rs (target/debug/deps/havoc_test-9090d988ebc90f2f)

running 1 test
test test_havoc_rate ... ok

test result: ok. 1 passed; 0 failed; 0 ignored; 0 measured; 0 filtered out; finished in 0.00s

     Running tests/havoc_torture.rs (target/debug/deps/havoc_torture-058734a6560fd435)

running 2 tests
test tests::test_organelle_flood ... ok
test tests::test_vm_resilience ... ok

test result: ok. 2 passed; 0 failed; 0 ignored; 0 measured; 0 filtered out; finished in 0.37s

     Running tests/havoc_value_hash.rs (target/debug/deps/havoc_value_hash-5d4301511533d5aa)

running 1 test
test test_havoc_value_hash_f64_bug ... ok

test result: ok. 1 passed; 0 failed; 0 ignored; 0 measured; 0 filtered out; finished in 0.00s

     Running tests/hermetic_test.rs (target/debug/deps/hermetic_test-679ca44b811cd871)

running 1 test
test test_hermetic_alchemy ... ok

test result: ok. 1 passed; 0 failed; 0 ignored; 0 measured; 0 filtered out; finished in 0.00s

     Running tests/horcrux_test.rs (target/debug/deps/horcrux_test-b71caa3afd229876)

running 1 test
test test_horcrux_ritual ... ok

test result: ok. 1 passed; 0 failed; 0 ignored; 0 measured; 0 filtered out; finished in 0.00s

     Running tests/lexicon_test.rs (target/debug/deps/lexicon_test-3ea96b2c254ef808)

running 2 tests
test test_lexicon_vertical ... ok
test test_lexicon_spell_casting ... ok

test result: ok. 2 passed; 0 failed; 0 ignored; 0 measured; 0 filtered out; finished in 0.00s

     Running tests/lisp_babel_test.rs (target/debug/deps/lisp_babel_test-0b45207538b0d81c)

running 1 test
test tests::test_lisp_grammar ... ok

test result: ok. 1 passed; 0 failed; 0 ignored; 0 measured; 0 filtered out; finished in 0.00s

     Running tests/lisp_eval_test.rs (target/debug/deps/lisp_eval_test-5beba350c7d72738)

running 2 tests
test tests::test_lisp_eval_multiple ... ok
test tests::test_lisp_eval ... ok

test result: ok. 2 passed; 0 failed; 0 ignored; 0 measured; 0 filtered out; finished in 0.00s

     Running tests/lisp_oracle_test.rs (target/debug/deps/lisp_oracle_test-be6960dfb0298062)

running 1 test
test tests::test_lisp_rule_query ... ok

test result: ok. 1 passed; 0 failed; 0 ignored; 0 measured; 0 filtered out; finished in 0.01s

     Running tests/logos_regex_test.rs (target/debug/deps/logos_regex_test-abec19d7b25aedd3)

running 4 tests
test test_logos_choice_parsing ... ok
test test_logos_weighted_choice_parsing ... ok
test test_logos_regex_parsing ... ok
test test_logos_sequence_regex ... ok

test result: ok. 4 passed; 0 failed; 0 ignored; 0 measured; 0 filtered out; finished in 0.00s

     Running tests/mad_scientist_test.rs (target/debug/deps/mad_scientist_test-9f40c413eadeeb78)

running 2 tests
test tests::test_synthesis_manifestation ... ok
test tests::test_metabolism_query ... ok

test result: ok. 2 passed; 0 failed; 0 ignored; 0 measured; 0 filtered out; finished in 0.00s

     Running tests/madness_test.rs (target/debug/deps/madness_test-e5077c6f0eb1b644)

running 3 tests
test tests::test_organelle_spawn_types ... ignored, 👺 HAVOC: Grid eval tick flaky
test tests::test_hunter_behavior ... ok
test tests::test_zeitgeist_rune ... ok

test result: ok. 2 passed; 0 failed; 1 ignored; 0 measured; 0 filtered out; finished in 0.00s

     Running tests/memetic_integration_test.rs (target/debug/deps/memetic_integration_test-069b40f8fa0eacab)

running 1 test
test memetic_integration_test::test_biohack_workflow ... ok

test result: ok. 1 passed; 0 failed; 0 ignored; 0 measured; 0 filtered out; finished in 0.01s

     Running tests/memetics_test.rs (target/debug/deps/memetics_test-3a861e71e5942b2c)

running 3 tests
test test_conceive ... ok
test test_shibboleth ... ok
test test_propagate ... ok

test result: ok. 3 passed; 0 failed; 0 ignored; 0 measured; 0 filtered out; finished in 0.00s

     Running tests/nova_alchemy_prime_test.rs (target/debug/deps/nova_alchemy_prime_test-14a59d10d1f4cce7)

running 2 tests
test tests::test_absorb_geometry ... ok
test tests::test_project_geometry ... ok

test result: ok. 2 passed; 0 failed; 0 ignored; 0 measured; 0 filtered out; finished in 0.00s

     Running tests/nova_biome_test.rs (target/debug/deps/nova_biome_test-5054a38a892393fd)

running 2 tests
test tests::test_terraform_and_sense ... ok
test tests::test_diffusion_biome_effect ... ok

test result: ok. 2 passed; 0 failed; 0 ignored; 0 measured; 0 filtered out; finished in 0.00s

     Running tests/nova_chronos_paradox_test.rs (target/debug/deps/nova_chronos_paradox_test-26a9015443a85341)

running 1 test
test test_paradox_loop ... ok

test result: ok. 1 passed; 0 failed; 0 ignored; 0 measured; 0 filtered out; finished in 0.01s

     Running tests/nova_egregore_evolution_test.rs (target/debug/deps/nova_egregore_evolution_test-e273ea5634797b28)

running 2 tests
test test_egregore_sacrifice ... ok
test test_egregore_evolution ... ok

test result: ok. 2 passed; 0 failed; 0 ignored; 0 measured; 0 filtered out; finished in 0.00s

     Running tests/nova_egregore_test.rs (target/debug/deps/nova_egregore_test-1e8612c7344aba16)

running 4 tests
test test_egregore_summon_fail ... ok
test test_egregore_summon_success ... ok
test test_egregore_tithe ... ok
test test_egregore_channel ... ok

test result: ok. 4 passed; 0 failed; 0 ignored; 0 measured; 0 filtered out; finished in 0.00s

     Running tests/nova_evolve_custom_test.rs (target/debug/deps/nova_evolve_custom_test-dfc679fff0342df5)

running 1 test
test test_evolve_default ... ok

test result: ok. 1 passed; 0 failed; 0 ignored; 0 measured; 0 filtered out; finished in 0.01s

     Running tests/nova_geology_test.rs (target/debug/deps/nova_geology_test-cdc1cd157c4efa3e)

running 5 tests
test test_erode ... ok
test test_sediment ... ok
test test_quake ... ok
test test_tectonics ... ok
test test_volcano ... ok

test result: ok. 5 passed; 0 failed; 0 ignored; 0 measured; 0 filtered out; finished in 0.00s

     Running tests/nova_grimoire_test.rs (target/debug/deps/nova_grimoire_test-91b12ef313408b0c)

running 1 test
test tests::test_grimoire_passive_magic ... ok

test result: ok. 1 passed; 0 failed; 0 ignored; 0 measured; 0 filtered out; finished in 0.00s

     Running tests/nova_logic_grid_test.rs (target/debug/deps/nova_logic_grid_test-879497b89371573e)

running 3 tests
test test_logic_lambda_query_fail ... ok
test test_logic_lambda_query ... ok
test test_logic_pi_assert ... ok

test result: ok. 3 passed; 0 failed; 0 ignored; 0 measured; 0 filtered out; finished in 0.00s

     Running tests/nova_logos_test.rs (target/debug/deps/nova_logos_test-da8c0bbdd2c4389b)

running 2 tests
test tests::test_logos_reaction ... ok
test tests::test_logos_complex_reaction ... ok

test result: ok. 2 passed; 0 failed; 0 ignored; 0 measured; 0 filtered out; finished in 0.00s

     Running tests/nova_quantum_test.rs (target/debug/deps/nova_quantum_test-8d8a1d36a7ad5906)

running 2 tests
test test_spirit_message ... ok
test test_quantum_jump ... ok

test result: ok. 2 passed; 0 failed; 0 ignored; 0 measured; 0 filtered out; finished in 0.00s

     Running tests/nova_virology_test.rs (target/debug/deps/nova_virology_test-ebceb7bbb367720c)

running 1 test
test tests::test_transduction ... ok

test result: ok. 1 passed; 0 failed; 0 ignored; 0 measured; 0 filtered out; finished in 0.00s

     Running tests/orca_hgt_test.rs (target/debug/deps/orca_hgt_test-b2db263bcd300765)

running 2 tests
test tests::test_orca_hgt_extraction ... ok
test tests::test_orca_hgt_injection ... ok

test result: ok. 2 passed; 0 failed; 0 ignored; 0 measured; 0 filtered out; finished in 0.00s

     Running tests/orca_mode_test.rs (target/debug/deps/orca_mode_test-7f461baee7a3f1b5)

running 3 tests
test test_orca_mode_toggle ... ok
test test_orca_directional ... ok
test test_orca_bang ... ok

test result: ok. 3 passed; 0 failed; 0 ignored; 0 measured; 0 filtered out; finished in 0.00s

     Running tests/ouroboros_test.rs (target/debug/deps/ouroboros_test-ad1fbc7a52266567)

running 1 test
test test_ouroboros_protocol ... ok

test result: ok. 1 passed; 0 failed; 0 ignored; 0 measured; 0 filtered out; finished in 0.00s

     Running tests/pandemonium_storm_test.rs (target/debug/deps/pandemonium_storm_test-c95fbece0083f4ae)

running 1 test
test tests::test_storm_mutation ... ok

test result: ok. 1 passed; 0 failed; 0 ignored; 0 measured; 0 filtered out; finished in 0.00s

     Running tests/pandemonium_test.rs (target/debug/deps/pandemonium_test-4bcb21ec3ece24a6)

running 3 tests
test test_pandemonium_flux ... ok
test test_pandemonium_gamble ... ok
test test_pandemonium_scramble ... ok

test result: ok. 3 passed; 0 failed; 0 ignored; 0 measured; 0 filtered out; finished in 0.00s

     Running tests/paradox_test.rs (target/debug/deps/paradox_test-69e0cbb9a19ab2ba)

running 2 tests
test tests::test_paradox_rule_parsing ... ok
test tests::test_paradox_execution ... ok

test result: ok. 2 passed; 0 failed; 0 ignored; 0 measured; 0 filtered out; finished in 0.00s

     Running tests/phylogeny_test.rs (target/debug/deps/phylogeny_test-ffadd7102cdbdf12)

running 0 tests

test result: ok. 0 passed; 0 failed; 0 ignored; 0 measured; 0 filtered out; finished in 0.00s

     Running tests/pilot_test.rs (target/debug/deps/pilot_test-5da2978c7bf4cb3f)

running 2 tests
test test_pilot_movement ... ok
test test_pilot_interaction_and_restoration ... ok

test result: ok. 2 passed; 0 failed; 0 ignored; 0 measured; 0 filtered out; finished in 0.00s

     Running tests/polyglot_test.rs (target/debug/deps/polyglot_test-469049f591c5bebc)

running 1 test
test tests::test_polyglot_grammar ... ok

test result: ok. 1 passed; 0 failed; 0 ignored; 0 measured; 0 filtered out; finished in 0.00s

     Running tests/prologue_agent_ghost_bug.rs (target/debug/deps/prologue_agent_ghost_bug-3bb529fa1b175a0c)

running 1 test
test tests::test_prologue_agent_ghosting ... ok

test result: ok. 1 passed; 0 failed; 0 ignored; 0 measured; 0 filtered out; finished in 0.00s

     Running tests/prologue_anvil_test.rs (target/debug/deps/prologue_anvil_test-8dfe29b4aa8b2ee9)

running 2 tests
test tests::test_anvil_valid_source ... ok
test tests::test_anvil_compilation ... ok

test result: ok. 2 passed; 0 failed; 0 ignored; 0 measured; 0 filtered out; finished in 0.00s

     Running tests/prologue_astral_test.rs (target/debug/deps/prologue_astral_test-2a10eb0ce2f8b992)

running 1 test
test tests::test_astral_agent_spawn_and_gravity ... ok

test result: ok. 1 passed; 0 failed; 0 ignored; 0 measured; 0 filtered out; finished in 0.00s

     Running tests/prologue_automaton_test.rs (target/debug/deps/prologue_automaton_test-c4fe0e6253ebc9ef)

running 2 tests
test test_automaton_agent ... ok
test test_automaton_loop ... ok

test result: ok. 2 passed; 0 failed; 0 ignored; 0 measured; 0 filtered out; finished in 0.00s

     Running tests/prologue_construct_test.rs (target/debug/deps/prologue_construct_test-9eba88f3d8beaea9)

running 1 test
test tests::test_prologue_quine_cycle ... ok

test result: ok. 1 passed; 0 failed; 0 ignored; 0 measured; 0 filtered out; finished in 0.00s

     Running tests/prologue_dream_agent_test.rs (target/debug/deps/prologue_dream_agent_test-f14216a1c430cdff)

running 3 tests
test test_nightmare_chase ... ok
test test_dream_weaver_movement ... ok
test test_dream_weaver_weaving ... ok

test result: ok. 3 passed; 0 failed; 0 ignored; 0 measured; 0 filtered out; finished in 0.00s

     Running tests/prologue_evolution_test.rs (target/debug/deps/prologue_evolution_test-fd4280e95a86801f)

running 2 tests
test tests::test_chaos_block ... ok
test tests::test_oracle_block ... ok

test result: ok. 2 passed; 0 failed; 0 ignored; 0 measured; 0 filtered out; finished in 0.00s

     Running tests/prologue_forth_host_test.rs (target/debug/deps/prologue_forth_host_test-63fc9a104eb1ce82)

running 0 tests

test result: ok. 0 passed; 0 failed; 0 ignored; 0 measured; 0 filtered out; finished in 0.00s

     Running tests/prologue_genesis_test.rs (target/debug/deps/prologue_genesis_test-6600d416c2b10a1a)

running 2 tests
test tests::test_chaos_injection ... ok
test tests::test_genesis_reboot ... ok

test result: ok. 2 passed; 0 failed; 0 ignored; 0 measured; 0 filtered out; finished in 0.00s

     Running tests/prologue_genetic_engineering_test.rs (target/debug/deps/prologue_genetic_engineering_test-3b6f9b836952fa99)

running 4 tests
test test_genetic_engineering_excise ... ok
test test_genetic_engineering_splice ... ok
test test_genetic_engineering_compose ... ok
test test_genetic_engineering_synthesize ... ok

test result: ok. 4 passed; 0 failed; 0 ignored; 0 measured; 0 filtered out; finished in 0.00s

     Running tests/prologue_hyper_test.rs (target/debug/deps/prologue_hyper_test-59b0906f4c663575)

running 3 tests
test test_hyper_tesseract_source ... ok
test test_hyper_step ... ok
test test_hyper_rotate ... ok

test result: ok. 3 passed; 0 failed; 0 ignored; 0 measured; 0 filtered out; finished in 0.00s

     Running tests/prologue_integration_test.rs (target/debug/deps/prologue_integration_test-e4828ac3eced3863)

running 1 test
test test_prologue_compilation ... ok

test result: ok. 1 passed; 0 failed; 0 ignored; 0 measured; 0 filtered out; finished in 0.00s

     Running tests/prologue_logic_gate_test.rs (target/debug/deps/prologue_logic_gate_test-194f57d785b224b1)

running 2 tests
test test_logic_agent_math_gate ... ok
test test_logic_agent_gate_mode ... ok

test result: ok. 2 passed; 0 failed; 0 ignored; 0 measured; 0 filtered out; finished in 0.00s

     Running tests/prologue_logos_test.rs (target/debug/deps/prologue_logos_test-b49411c48b6a1ae9)

running 5 tests
test test_logos_dna_definition ... ok
test test_logos_grammar_definition ... ok
test test_logos_generation ... ok
test test_logos_weighted_choice ... ok
test test_logos_parsing ... ok

test result: ok. 5 passed; 0 failed; 0 ignored; 0 measured; 0 filtered out; finished in 0.00s

     Running tests/prologue_loom_test.rs (target/debug/deps/prologue_loom_test-423f98f79457606a)

running 2 tests
test test_loom_pull_from_warp ... ok
test test_loom_push_to_warp ... ok

test result: ok. 2 passed; 0 failed; 0 ignored; 0 measured; 0 filtered out; finished in 0.00s

     Running tests/prologue_map_test.rs (target/debug/deps/prologue_map_test-b1abc91a88287d51)

running 2 tests
test tests::test_grid_map_compilation ... ok
test tests::test_multiline_map ... ok

test result: ok. 2 passed; 0 failed; 0 ignored; 0 measured; 0 filtered out; finished in 0.01s

     Running tests/prologue_memetics_test.rs (target/debug/deps/prologue_memetics_test-e3960dc89691b3cb)

running 5 tests
test test_memetic_source ... ok
test test_memetic_imitate ... ok
test test_memetic_censor ... ok
test test_memetic_evolve ... ok
test test_memetic_spread ... ok

test result: ok. 5 passed; 0 failed; 0 ignored; 0 measured; 0 filtered out; finished in 0.00s

     Running tests/prologue_mycelium_v2_test.rs (target/debug/deps/prologue_mycelium_v2_test-081ecad84384ab8c)

running 1 test
test test_mycelium_growth ... ok

test result: ok. 1 passed; 0 failed; 0 ignored; 0 measured; 0 filtered out; finished in 0.00s

     Running tests/prologue_narrative_evolution_test.rs (target/debug/deps/prologue_narrative_evolution_test-58945187b5561969)

running 2 tests
test test_narrative_revision_len ... ok
test test_narrative_twist ... ok

test result: ok. 2 passed; 0 failed; 0 ignored; 0 measured; 0 filtered out; finished in 0.00s

     Running tests/prologue_narrative_test.rs (target/debug/deps/prologue_narrative_test-448cc6744be76838)

running 4 tests
test test_narrative_terminus ... ok
test test_narrative_incipit ... ok
test test_narrative_revision ... ok
test test_narrative_library ... ok

test result: ok. 4 passed; 0 failed; 0 ignored; 0 measured; 0 filtered out; finished in 0.00s

     Running tests/prologue_neural_learning_test.rs (target/debug/deps/prologue_neural_learning_test-7824ba414ebc5201)

running 0 tests

test result: ok. 0 passed; 0 failed; 0 ignored; 0 measured; 0 filtered out; finished in 0.00s

     Running tests/prologue_neural_logic_test.rs (target/debug/deps/prologue_neural_logic_test-7a450445d96c618b)

running 0 tests

test result: ok. 0 passed; 0 failed; 0 ignored; 0 measured; 0 filtered out; finished in 0.00s

     Running tests/prologue_neural_test.rs (target/debug/deps/prologue_neural_test-711f3e30f75ff21e)

running 0 tests

test result: ok. 0 passed; 0 failed; 0 ignored; 0 measured; 0 filtered out; finished in 0.00s

     Running tests/prologue_plasmid_test.rs (target/debug/deps/prologue_plasmid_test-3beaf791ea776f9b)

running 3 tests
test test_reverse_transcriptase ... ok
test test_plasmid_conjugation ... ok
test test_plasmid_absorption ... ok

test result: ok. 3 passed; 0 failed; 0 ignored; 0 measured; 0 filtered out; finished in 0.00s

     Running tests/prologue_prism_test.rs (target/debug/deps/prologue_prism_test-b0451997558a9f27)

running 4 tests
test test_prism_disperse ... ok
test test_prism_converge ... ok
test test_prism_decompose ... ok
test test_prism_sequence ... ok

test result: ok. 4 passed; 0 failed; 0 ignored; 0 measured; 0 filtered out; finished in 0.00s

     Running tests/prologue_psionics_test.rs (target/debug/deps/prologue_psionics_test-9f11480b40c9dc7e)

running 3 tests
test test_psionics_suggestion ... ok
test test_psionics_telepathy ... ok
test test_psionics_telekinesis ... ok

test result: ok. 3 passed; 0 failed; 0 ignored; 0 measured; 0 filtered out; finished in 0.00s

     Running tests/prologue_rhythm_test.rs (target/debug/deps/prologue_rhythm_test-8988f15372d9aead)

running 2 tests
test tests::test_rhythm_fader ... ok
test tests::test_rhythm_clock ... ok

test result: ok. 2 passed; 0 failed; 0 ignored; 0 measured; 0 filtered out; finished in 0.00s

     Running tests/prologue_sequencer_test.rs (target/debug/deps/prologue_sequencer_test-2615db758199a992)

running 3 tests
test test_sequencer_read ... ok
test test_orca_clock ... ok
test test_sequencer_write ... ok

test result: ok. 3 passed; 0 failed; 0 ignored; 0 measured; 0 filtered out; finished in 0.00s

     Running tests/prologue_siren_test.rs (target/debug/deps/prologue_siren_test-89550a9232413162)

running 2 tests
test test_siren_direction_change ... ok
test test_siren_lookahead_sequencer ... ok

test result: ok. 2 passed; 0 failed; 0 ignored; 0 measured; 0 filtered out; finished in 0.00s

     Running tests/prologue_void_storage_test.rs (target/debug/deps/prologue_void_storage_test-c2bf90c17d5b2931)

running 1 test
test test_void_storage ... ok

test result: ok. 1 passed; 0 failed; 0 ignored; 0 measured; 0 filtered out; finished in 0.00s

     Running tests/prologue_zeta_test.rs (target/debug/deps/prologue_zeta_test-5e4cee913079cb9f)

running 2 tests
test test_zeta_agent_lisp ... ok
test test_zeta_agent_bracket_list ... ok

test result: ok. 2 passed; 0 failed; 0 ignored; 0 measured; 0 filtered out; finished in 0.00s

     Running tests/prolouge_mad_scientist_test.rs (target/debug/deps/prolouge_mad_scientist_test-b86f1d6ebfc848a2)

running 8 tests
test tests::test_prolouge_compiler_brainfuck_and_tui ... ok
test tests::test_prolouge_compiler_elektra ... ok
test tests::test_prolouge_compiler_forth ... ok
test tests::test_prolouge_compiler_lisp ... ok
test tests::test_prolouge_compiler_orca ... ok
test tests::test_prolouge_compiler_piet ... ok
test tests::test_prolouge_compiler_regex ... ok
test tests::test_prolouge_execution_chaos ... ok

test result: ok. 8 passed; 0 failed; 0 ignored; 0 measured; 0 filtered out; finished in 0.00s

     Running tests/reality_weave_test.rs (target/debug/deps/reality_weave_test-c9a43ee47cf82232)

running 2 tests
test tests::test_orca_reality_physics ... ok
test tests::test_reality_weave_activation ... ok

test result: ok. 2 passed; 0 failed; 0 ignored; 0 measured; 0 filtered out; finished in 0.00s

     Running tests/refactor_functional_test.rs (target/debug/deps/refactor_functional_test-272172fd5d2254db)

running 8 tests
test tests::test_chain_error_stack_underflow ... ok
test tests::test_chain_error_type_mismatch ... ok
test tests::test_chain_success ... ok
test tests::test_chain_error_invalid_index ... ok
test tests::test_curry_error_stack_underflow ... ok
test tests::test_quote_error_end_of_strand ... ok
test tests::test_curry_success ... ok
test tests::test_quote_success ... ok

test result: ok. 8 passed; 0 failed; 0 ignored; 0 measured; 0 filtered out; finished in 0.00s

     Running tests/regression_deep_display.rs (target/debug/deps/regression_deep_display-1caa6b4986f55f27)

running 0 tests

test result: ok. 0 passed; 0 failed; 0 ignored; 0 measured; 0 filtered out; finished in 0.00s

     Running tests/regression_recursive_include.rs (target/debug/deps/regression_recursive_include-4445fb55eef6a073)

running 1 test
test tests::test_recursive_include_cycle ... ok

test result: ok. 1 passed; 0 failed; 0 ignored; 0 measured; 0 filtered out; finished in 0.00s

     Running tests/resonance_mutation_test.rs (target/debug/deps/resonance_mutation_test-727b695a52ab804a)

running 0 tests

test result: ok. 0 passed; 0 failed; 0 ignored; 0 measured; 0 filtered out; finished in 0.00s

     Running tests/retroscope_test.rs (target/debug/deps/retroscope_test-205def250b079559)

running 1 test
test test_retroscope ... ok

test result: ok. 1 passed; 0 failed; 0 ignored; 0 measured; 0 filtered out; finished in 0.00s

     Running tests/scavenger_test.rs (target/debug/deps/scavenger_test-60ea6651a89e1ccd)

running 2 tests
test tests::test_digest ... ok
test tests::test_scavenge ... ok

test result: ok. 2 passed; 0 failed; 0 ignored; 0 measured; 0 filtered out; finished in 0.00s

     Running tests/scream_test.rs (target/debug/deps/scream_test-2930e8b611025da7)

running 0 tests

test result: ok. 0 passed; 0 failed; 0 ignored; 0 measured; 0 filtered out; finished in 0.00s

     Running tests/security_path_traversal.rs (target/debug/deps/security_path_traversal-52e0258442195d1a)

running 2 tests
test test_path_traversal_exploit ... ok
test test_valid_include ... ok

test result: ok. 2 passed; 0 failed; 0 ignored; 0 measured; 0 filtered out; finished in 0.00s

     Running tests/sentry_recursion_test.rs (target/debug/deps/sentry_recursion_test-675bb71f1a187d9f)

running 1 test
test test_superpose_depth_limit_enforced ... ok

test result: ok. 1 passed; 0 failed; 0 ignored; 0 measured; 0 filtered out; finished in 0.00s

     Running tests/sentry_value_hash_test.rs (target/debug/deps/sentry_value_hash_test-81a44136f4f8aa9a)

running 1 test

running 1 test
test test_hash_deeply_nested_no_overflow ... ok

test result: ok. 1 passed; 0 failed; 0 ignored; 0 measured; 0 filtered out; finished in 0.02s

     Running tests/silicon_circuit_test.rs (target/debug/deps/silicon_circuit_test-f0c7cd0463096927)

running 0 tests

test result: ok. 0 passed; 0 failed; 0 ignored; 0 measured; 0 filtered out; finished in 0.00s

     Running tests/silicon_genetic_test.rs (target/debug/deps/silicon_genetic_test-3ff9d1ee7de43268)

running 0 tests

test result: ok. 0 passed; 0 failed; 0 ignored; 0 measured; 0 filtered out; finished in 0.00s

     Running tests/silicon_schematic_test.rs (target/debug/deps/silicon_schematic_test-3858a60482662125)

running 0 tests

test result: ok. 0 passed; 0 failed; 0 ignored; 0 measured; 0 filtered out; finished in 0.00s

     Running tests/synaptic_bridge_test.rs (target/debug/deps/synaptic_bridge_test-e592657e6056d038)

running 0 tests

test result: ok. 0 passed; 0 failed; 0 ignored; 0 measured; 0 filtered out; finished in 0.00s

     Running tests/tui_mod_test.rs (target/debug/deps/tui_mod_test-56becd461e820e9c)

running 3 tests
test test_tui_mod_glitch ... ok
test test_tui_mod_message ... ok
test test_tui_mod_shake ... ok

test result: ok. 3 passed; 0 failed; 0 ignored; 0 measured; 0 filtered out; finished in 0.00s

     Running tests/verify_evolution.rs (target/debug/deps/verify_evolution-e970955ff3532884)

running 2 tests
test test_viral_injection ... ok
test test_heatmap_tracking ... ok

test result: ok. 2 passed; 0 failed; 0 ignored; 0 measured; 0 filtered out; finished in 0.00s

     Running tests/viral_repro_test.rs (target/debug/deps/viral_repro_test-51bf328a40ab92e4)

running 1 test
test test_self_replicate ... ok

test result: ok. 1 passed; 0 failed; 0 ignored; 0 measured; 0 filtered out; finished in 0.00s

     Running tests/viral_rewrite_test.rs (target/debug/deps/viral_rewrite_test-eb9555f43d2ab60e)

running 1 test
test test_viral_rewrite_grid ... ok

test result: ok. 1 passed; 0 failed; 0 ignored; 0 measured; 0 filtered out; finished in 0.00s

     Running tests/void_test.rs (target/debug/deps/void_test-fd2f74c06426800c)

running 1 test
test tests::test_void_spawn ... ok

test result: ok. 1 passed; 0 failed; 0 ignored; 0 measured; 0 filtered out; finished in 0.00s

     Running tests/warden_alchemy_dos_test.rs (target/debug/deps/warden_alchemy_dos_test-d2083502ed5f6334)

running 1 test
test tests::test_absorb_geometry_dos ... ok

test result: ok. 1 passed; 0 failed; 0 ignored; 0 measured; 0 filtered out; finished in 0.00s

     Running tests/warden_babel_dos.rs (target/debug/deps/warden_babel_dos-bd9a249506005e72)

running 2 tests
test tests::test_babel_live_action_infinite_loop ... ok
test tests::test_babel_live_regex_infinite_loop ... ok

test result: ok. 2 passed; 0 failed; 0 ignored; 0 measured; 0 filtered out; finished in 0.00s

     Running tests/warden_botany_emoji.rs (target/debug/deps/warden_botany_emoji-d169ff6d14a59f03)

running 1 test
test test_botany_emoji_crash_prevented ... ok

test result: ok. 1 passed; 0 failed; 0 ignored; 0 measured; 0 filtered out; finished in 0.00s

     Running tests/warden_functional_dos.rs (target/debug/deps/warden_functional_dos-bc42ac25d1e66676)

running 1 test
test tests::test_chain_dos ... ok

test result: ok. 1 passed; 0 failed; 0 ignored; 0 measured; 0 filtered out; finished in 0.00s

     Running tests/warden_gene_dos_test.rs (target/debug/deps/warden_gene_dos_test-dfa7f975ac5ca863)

running 1 test
test tests::test_propagate_unbounded_growth ... ok

test result: ok. 1 passed; 0 failed; 0 ignored; 0 measured; 0 filtered out; finished in 0.01s

     Running tests/warden_gene_limit_test.rs (target/debug/deps/warden_gene_limit_test-e0c841c7ce65332c)

running 2 tests
test test_ligase_dos_protection ... ok
test test_frankenstein_dos_protection ... ok

test result: ok. 2 passed; 0 failed; 0 ignored; 0 measured; 0 filtered out; finished in 0.00s

     Running tests/warden_havoc_repro.rs (target/debug/deps/warden_havoc_repro-499448ab9eecb003)

running 2 tests
test test_sigil_strand_oob ... ok
test test_babel_compile_stack_overflow ... ok

test result: ok. 2 passed; 0 failed; 0 ignored; 0 measured; 0 filtered out; finished in 0.86s

     Running tests/warden_linguistics_dos_test.rs (target/debug/deps/warden_linguistics_dos_test-b9a26ea1f4427dca)

running 2 tests
test test_levenshtein_dos_protection ... ok
test test_prologue_levenshtein_dos_protection ... ok

test result: ok. 2 passed; 0 failed; 0 ignored; 0 measured; 0 filtered out; finished in 0.00s

     Running tests/warden_raku_dos.rs (target/debug/deps/warden_raku_dos-9d3e434f8352bbf5)

running 1 test
test tests::test_cross_product_dos ... ok

test result: ok. 1 passed; 0 failed; 0 ignored; 0 measured; 0 filtered out; finished in 0.00s

     Running tests/warden_repro.rs (target/debug/deps/warden_repro-5b79d4159171c792)

running 1 test
test tests::test_evolution_parsing ... ok

test result: ok. 1 passed; 0 failed; 0 ignored; 0 measured; 0 filtered out; finished in 0.00s

     Running tests/warden_security_evolution.rs (target/debug/deps/warden_security_evolution-fe932334f281cf78)

running 2 tests
test tests::test_evolution_engine_direct_zero_pop ... ok
test tests::test_evolution_zero_population_config_parse ... ok

test result: ok. 2 passed; 0 failed; 0 ignored; 0 measured; 0 filtered out; finished in 0.00s

     Running tests/warden_security_oom.rs (target/debug/deps/warden_security_oom-6c08a604d5b5fa96)

running 2 tests
test test_scavenge_oom_prevention ... ok
test test_biohack_oom_prevention ... ok

test result: ok. 2 passed; 0 failed; 0 ignored; 0 measured; 0 filtered out; finished in 2.88s

     Running tests/warden_void_security.rs (target/debug/deps/warden_void_security-041cf35b6de930e7)

running 1 test
test test_void_overflow_protection ... ok

test result: ok. 1 passed; 0 failed; 0 ignored; 0 measured; 0 filtered out; finished in 0.12s

     Running tests/warden_wind_overflow.rs (target/debug/deps/warden_wind_overflow-b60a56752300c102)

running 1 test
test tests::test_wind_accumulation_overflow ... ok

test result: ok. 1 passed; 0 failed; 0 ignored; 0 measured; 0 filtered out; finished in 0.00s

   Doc-tests chimera_lang

running 30 tests
test experiments/chimera-lang/src/ast.rs - ast::Dna::from_genes (line 119) ... ok
test experiments/chimera-lang/src/ast.rs - ast::Gene::new (line 146) ... ok
test experiments/chimera-lang/src/compiler.rs - compiler::compile (line 185) ... ok
test experiments/chimera-lang/src/lib.rs - (line 38) ... ok
test experiments/chimera-lang/src/tui/views/audio.rs - tui::views::audio::render_lexicon (line 411) ... ignored
test experiments/chimera-lang/src/tui/views/audio.rs - tui::views::audio::render_narrative (line 357) ... ignored
test experiments/chimera-lang/src/tui/views/bio.rs - tui::views::bio::render_biolum (line 1049) ... ignored
test experiments/chimera-lang/src/tui/views/bio.rs - tui::views::bio::render_cambrian (line 1146) ... ignored
test experiments/chimera-lang/src/tui/views/bio.rs - tui::views::bio::render_lifecycle (line 1555) ... ignored
test experiments/chimera-lang/src/tui/views/bio.rs - tui::views::bio::render_metazoa (line 746) ... ignored
test experiments/chimera-lang/src/tui/views/bio.rs - tui::views::bio::render_mutagen (line 944) ... ignored
test experiments/chimera-lang/src/tui/views/magic.rs - tui::views::magic::render_akashic (line 611) ... ignored
test experiments/chimera-lang/src/tui/views/misc.rs - tui::views::misc::render_fractal (line 273) ... ignored
test experiments/chimera-lang/src/tui/views/misc.rs - tui::views::misc::render_semiotics (line 359) ... ignored
test experiments/chimera-lang/src/tui/views/physics.rs - tui::views::physics::render_tesseract (line 342) ... ignored
test experiments/chimera-lang/src/prologue_compiler.rs - prologue_compiler::PrologueProgram (line 32) ... ok
test experiments/chimera-lang/src/prologue_compiler.rs - prologue_compiler::compile (line 67) ... ok
test experiments/chimera-lang/src/prolouge_compiler.rs - prolouge_compiler::compile (line 30) ... ok
test experiments/chimera-lang/src/value.rs - value::Value::apply_binary_op (line 331) ... ok
test experiments/chimera-lang/src/value.rs - value::Value::complexity (line 547) ... ok
test experiments/chimera-lang/src/vm/akashic.rs - vm::akashic::AkashicRecords::load_from (line 151) ... ok
test experiments/chimera-lang/src/value.rs - value::Value::depth (line 503) ... ok
test experiments/chimera-lang/src/vm/nova.rs - vm::nova::Organelle (line 107) ... ignored
test experiments/chimera-lang/src/vm/nova_diffusion.rs - vm::nova_diffusion::diffuse_hormones (line 111) ... ignored
test experiments/chimera-lang/src/vm/akashic.rs - vm::akashic::AkashicRecords::save (line 200) ... ok
test experiments/chimera-lang/src/vm/retina.rs - vm::retina::Retina::clear (line 101) ... ok
test experiments/chimera-lang/src/vm/mod.rs - vm::ChimeraVM (line 608) ... ok
test experiments/chimera-lang/src/vm/bard.rs - vm::bard (line 15) ... ok
test experiments/chimera-lang/src/vm/retina.rs - vm::retina::Retina::draw (line 80) ... ok
test experiments/chimera-lang/src/vm/retina.rs - vm::retina::Retina::new (line 52) ... ok

test result: ok. 17 passed; 0 failed; 13 ignored; 0 measured; 0 filtered out; finished in 5.28s
