warning: unused import: `Gene`
  --> experiments/chimera-lang/src/vm/nova_chromatin.rs:88:27
   |
88 |     use crate::ast::{Dna, Gene, Helix, Strand};
   |                           ^^^^
   |
   = note: `#[warn(unused_imports)]` (part of `#[warn(unused)]`) on by default

warning: unused import: `MAT_WALL`
 --> experiments/chimera-lang/src/vm/prologue/golem_test.rs:2:69
  |
2 | ...ue_tick, MAT_BRICK, MAT_HEART, MAT_WALL};
  |                                   ^^^^^^^^

warning: unused imports: `Gene` and `Nucleotide`
 --> experiments/chimera-lang/src/vm/prologue/prologue_genesis_test.rs:4:27
  |
4 |     use crate::ast::{Dna, Gene, Helix, JunctionType, Nucleotide, Strand};
  |                           ^^^^                       ^^^^^^^^^^

warning: unused import: `GRID_SIZE`
 --> experiments/chimera-lang/src/vm/prologue/prologue_genesis_test.rs:7:39
  |
7 |     use crate::vm::{ChimeraVM, Value, GRID_SIZE};
  |                                       ^^^^^^^^^

warning: unused imports: `Gene`, `Nucleotide`, and `Strand`
 --> experiments/chimera-lang/src/vm/babel_test.rs:4:27
  |
4 |     use crate::ast::{Dna, Gene, Helix, JunctionType, Nucleotide, Strand};
  |                           ^^^^                       ^^^^^^^^^^  ^^^^^^

warning: unused import: `crate::opcode::OpCode`
 --> experiments/chimera-lang/src/vm/warden_overflow_test.rs:4:9
  |
4 |     use crate::opcode::OpCode;
  |         ^^^^^^^^^^^^^^^^^^^^^

warning: unused import: `Hasher`
 --> experiments/chimera-lang/src/havoc_poly_crash.rs:6:27
  |
6 |     use std::hash::{Hash, Hasher};
  |                           ^^^^^^

warning: function `make_vm` is never used
 --> experiments/chimera-lang/src/vm/nova_reactor_signal_test.rs:8:8
  |
8 |     fn make_vm() -> ChimeraVM {
  |        ^^^^^^^
  |
  = note: `#[warn(dead_code)]` (part of `#[warn(unused)]`) on by default

warning: `chimera-lang` (lib test) generated 8 warnings (run `cargo fix --lib -p chimera-lang --tests` to apply 7 suggestions)
    Finished `test` profile [optimized + debuginfo] target(s) in 0.52s
     Running unittests src/lib.rs (/app/target/debug/deps/chimera_lang-0eb85928d564f458)

running 690 tests
test alchemist_test::test_alchemy_transmutation ... ok
test babel_chaos_test::test_babel_chaos_integrity ... ok
test babel_chaos_test::test_babel_chaos_map ... ok
test alchemist_test::test_alchemist_organelle ... ok
test babel_test::tests::test_babel_parser_match ... ok
test babel_test::tests::test_babel_parser_regex ... ok
test babel_test::tests::test_babel_parser_alt ... ok
test chaos_test::tests::test_scramble ... ok
test babel_test::tests::test_babel_parser_seq ... ok
test cladistics_test::tests::test_mitosis_tracking ... ok
test cladistics_test::tests::test_reincarnate_tracking ... ok
test compiler::tests::test_blocks ... ok
test compiler::tests::test_compile_jumps ... ok
test compiler::tests::test_compile_basic ... ok
test chaos_test::tests::test_evolve_blinker ... ok
test compiler::tests::test_macros ... ok
test compiler::tests::test_sugar ... ok
test critter_build_test::tests::test_critter_builder_gene ... ok
test critter_build_test::tests::test_critter_sense_gene ... ok
test crucible_test::tests::test_crucible_elemental ... ok
test crucible_test::tests::test_crucible_genetic_heat ... ok
test crucible_test::tests::test_crucible_splicing ... ok
test elektra_test::tests::test_circuit_breaker ... ok
test elektra_test::tests::test_battery_op ... ok
test elektra_test::tests::test_electrogenesis_induction ... ok
test elektra_test::tests::test_ground_op ... ok
test elektra_test::tests::test_circuit_solver ... ok
test elektra_test::tests::test_railgun ... ok
test elektra_test::tests::test_sense_volt ... ok
test elektra_test::tests::test_wire_growth ... ok
test elektra_visual_test::tests::test_galvanize_visual_effect ... ok
test elektra_test::tests::test_shock_blows_fuse ... ok
test elektra_test::tests::test_insulator_logic ... ok
test glitch_test::tests::test_glitch_mechanics ... ok
test havoc_recursive_prophecy::tests::test_deeply_nested_macro_blowup ... ok
test elektra_visual_test::tests::test_tesla_coil_visual_effects ... ok
test havoc_repro::tests::test_hyperbolic_virus_singularity ... ok
test havoc_repro::tests::test_scavenge_path_traversal ... ok
test havoc_repro::tests::test_tectonics_dos ... ok
test hydra_test::tests::test_hydra_flow ... ok
test hydra_test::tests::test_hydra_pump ... ok
test havoc_repro::tests::test_junction_blowup ... ok
test hydra_test::tests::test_hydra_wall ... ok
test manifest_test::tests::test_manifest_dna ... ok
test manifest_test::tests::test_manifest_grid ... ok
test microscope_test::tests::test_microscope_scan ... ok
test nova_arcana_test::tests::test_draw ... ok
test nova_arcana_test::tests::test_magician_effect ... ok
test nova_arcana_test::tests::test_shuffle ... ok
test nova_akashic_test::tests::test_akashic_record ... ok
test nova_atmosphere_test::tests::test_aeolus_wind ... ok
test nova_atmosphere_test::tests::test_cloud_shadow ... ok
test nova_atmosphere_test::tests::test_wind_advection ... ok
test nova_ballistics_optics_test::test_lens_amplify ... ok
test nova_ballistics_optics_test::test_loop_prevention ... ok
test nova_ballistics_optics_test::test_mirror_0_vertical_reflect_x ... ok
test nova_ballistics_optics_test::test_mirror_1_horizontal_reflect_y ... ok
test nova_atmosphere_test::tests::test_storm_moisture ... ok
test nova_ballistics_optics_test::test_mirror_2_diagonal_swap_negate ... ok
test nova_ballistics_optics_test::test_mirror_3_diagonal_swap ... ok
test nova_ballistics_optics_test::test_prism_split ... ok
test nova_ballistics_test::test_fire_opcode ... ok
test nova_ballistics_test::test_fire_overflow ... ok
test nova_ballistics_test::test_projectile_collision ... ok
test nova_bang_test::tests::test_bang_chain_reaction ... ok
test nova_bard_test::test_bard_composition ... ok
test nova_biolum_test::tests::test_light_decay ... ok
test nova_bard_test::test_bard_rest_and_tempo ... ok
test nova_biolum_test::tests::test_lumine_sense ... ok
test nova_blackbox_test::test_blackbox_recording_and_dump ... ok
test nova_camouflage_test::tests::test_sense_nothing ... ok
test nova_camouflage_test::tests::test_sense_glyph ... ok
test nova_camouflage_test::tests::test_sense_pigment ... ok
test nova_cartography_test::tests::test_locate ... ok
test nova_cartography_test::tests::test_chart_and_atlas ... ok
test nova_cartography_test::tests::test_scan ... ok
test nova_cerebellum_test::tests::test_call_ret ... ok
test nova_cerebellum_test::tests::test_bind_interrupt ... ok
test nova_chemistry_test::tests::test_chemistry_mix_brew_splash ... ok
test nova_chorus_test::tests::test_sing_listen ... ok
test nova_chorus_test::tests::test_vitality_chord ... ok
test nova_chroma_test::test_clear_glyph ... ok
test nova_chroma_test::test_clear_pigment ... ok
test nova_chroma_test::test_glyph ... ok
test nova_chroma_test::test_pigment ... ok
test nova_conjugation_test::test_conjugation_incubation_cycle ... ok
test nova_compose_test::test_bard_compose_genetic_song ... ok
test nova_crispr_test::tests::test_cas9_cut ... ok
test nova_crispr_test::tests::test_ligase ... ok
test nova_crispr_test::tests::test_crispr_scan ... ok
test nova_crystal_test::test_accrete ... ok
test nova_crystal_test::test_nucleate ... ok
test nova_crystal_test::test_anneal ... ok
test nova_crystal_test::test_shatter ... ok
test nova_dream_test::test_dream_execution ... ok
test nova_dream_trace_test::tests::test_dream_trace_recording ... ok
test nova_dream_trace_test::tests::test_lucid_dreaming_injection ... ok
test nova_fluid_test::test_dry ... ok
test nova_fluid_test::test_process_fluid_advection ... ok
test nova_fluid_test::test_storm_and_aeolus ... ok
test nova_fluid_test::test_tsunami ... ok
test nova_fungi_test::tests::test_brainfuck ... ok
test havoc_poly_crash::tests::test_value_hash_recursion_blowup ... ok
test nova_garden_test::tests::test_harvest ... ok
test nova_garden_test::tests::test_sow_and_evolve ... ok
test nova_fungi_test::tests::test_hyphae_connect_transport ... ok
test nova_gravity_test::tests::test_gravitate ... ok
test nova_guild_test::tests::test_charter_kick ... ok
test nova_gravity_test::tests::test_gravitate_blocked ... ok
test nova_guild_test::tests::test_guild_deposit ... ok
test nova_guild_test::tests::test_guild_join ... ok
test nova_guild_test::tests::test_guild_create ... ok
test nova_hormone_test::tests::test_absorb ... ok
test nova_hormone_test::tests::test_diffusion ... ok
test nova_hormone_test::tests::test_secrete_detect ... ok
test nova_hormone_test::tests::test_secrete_overflow ... ok
test nova_ipc_test::tests::test_ipc_signal_receive ... ok
test nova_isomer_test::tests::test_isomer_arithmetic ... ok
test nova_isomer_test::tests::test_isomer_control_flow ... ok
test nova_isomer_test::tests::test_isomer_spatial ... ok
test nova_ley_test::tests::test_ley_sense ... ok
test nova_isomer_test::tests::test_isomerize_toggle ... ok
test nova_ley_test::tests::test_ley_shift ... ok
test nova_ley_test::tests::test_ley_tap ... ok
test nova_differentiation_test::tests::test_differentiation ... ok
test nova_ley_test::tests::test_ley_warp ... ok
test nova_linguistics_test::tests::test_decompile ... ok
test nova_linguistics_test::tests::test_compile ... ok
test nova_linguistics_test::tests::test_roundtrip ... ok
test nova_logistics_test::test_blocked_belt ... ok
test nova_logistics_test::test_collision ... ok
test nova_logistics_test::test_belt_movement ... ok
test nova_logistics_test::test_belt_chain ... ok
test nova_madness_test::test_drift ... ok
test nova_madness_test::test_poly_str ... ok
test nova_madness_test::test_poly_int ... ok
test nova_madness_test::test_meme_spreading ... ok
test nova_market_test::tests::test_invest_divest ... ok
test nova_membrane_test::test_membrane_blocking ... ok
test nova_membrane_test::test_osmosis_permeability ... ok
test nova_market_test::tests::test_market_trade ... ok
test nova_meta_test::tests::test_undefine ... ok
test nova_metamorphism_test::test_metamorphism_expansion ... ok
test nova_metamorphism_test::test_metamorphism_compression ... ok
test nova_metazoa_test::tests::test_metazoa_bonding ... ok
test nova_meta_test::tests::test_define_and_call_macro ... ok
test nova_morphogenesis_test::tests::test_morphogenesis_expansion_junction ... ok
test nova_morphogenesis_test::tests::test_morphogenesis_grow ... ok
test nova_morphogenesis_test::tests::test_morphogenesis_expansion ... ok
test nova_mutagen_test::tests::test_irradiate ... ok
test nova_mutagen_test::tests::test_devour ... ok
test nova_necromancy_test::test_exhume ... ok
test nova_necromancy_test::test_apoptosis_to_graveyard ... ok
test nova_necromancy_test::test_resurrect_from_graveyard ... ok
test nova_necromancy_test::test_mourn ... ok
test nova_necromancy_test::test_seance ... ok
test nova_nightmare_test::tests::test_nightmare_trigger ... ignored
test nova_nightmare_test::tests::test_lucid_cleansing ... ok
test nova_organelle_test::test_spawn_energy_cost ... ok
test nova_omen_test::tests::test_omen_photosynthesis ... ok
test nova_organelle_types_test::tests::test_chloroplast ... ok
test nova_organelle_types_test::tests::test_mitochondria ... ok
test nova_organelle_types_test::tests::test_lysosome ... ok
test nova_organelle_test::test_spawn_organelle ... ok
test nova_phase_test::test_crystalline_immunity ... ok
test nova_phase_test::test_ethereal_gwrite_fail ... ok
test nova_phase_test::test_flux_speed ... ok
test nova_piet_test::tests::test_piet_add ... ok
test nova_piet_test::tests::test_piet_push_out ... ok
test nova_phase_test::test_ethereal_movement ... ok
test nova_planes_test::tests::test_dwrite_dread ... ok
test nova_planes_test::tests::test_dmerge ... ok
test nova_planes_test::tests::test_dimension_shift ... ok
test nova_portal_test::tests::test_seal ... ok
test nova_portal_test::tests::test_rift_migrate ... ok
test nova_probabilistic_test::tests::test_collapse ... ok
test nova_probabilistic_test::tests::test_quantum_add ... ok
test nova_prophecy_test::test_prophecy_death ... ok
test nova_probabilistic_test::tests::test_superpose ... ok
test nova_prophecy_test::test_prophecy_predicts_halt ... ok
test nova_quantum_test::tests::test_decohere ... ok
test nova_quantum_test::tests::test_entangle_transcribe ... ok
test nova_radio_test::tests::test_broadcast_tune ... ok
test nova_prophecy_test::test_prophecy_predicts_life ... ok
test nova_radio_test::tests::test_radio_persistence_manual ... ok
test nova_radio_test::tests::test_radio_fifo ... ok
test nova_reflex_test::tests::test_reflex_low_energy ... ok
test nova_reflex_test::tests::test_reflex_mutation ... ignored
test nova_reflex_test::tests::test_reflex_collision ... ok
test nova_relativity_test::tests::test_relativity_toggle ... ok
test nova_relativity_test::tests::test_gravity_accretion ... ok
test nova_resonance_war_test::test_dampen ... ok
test nova_resonance_war_test::test_resonate_updates_grid ... ok
test nova_resonance_war_test::test_sonic_claim_fail_amp ... ok
test nova_resonance_war_test::test_sonic_claim_fail_freq ... ok
test nova_resonance_war_test::test_sonic_claim_success ... ok
test nova_relativity_test::tests::test_time_dilation ... ok
test nova_scent_test::tests::test_scent_decay ... ok
test nova_scent_test::tests::test_emit_scent ... ok
test nova_scent_test::tests::test_smell_scent ... ok
test nova_scent_test::tests::test_track_scent ... ok
test nova_security_test::test_audit ... ok
test nova_security_test::test_mutation_breaks_immunity ... ok
test nova_semiotics_test::tests::test_context_shift ... ignored
test nova_semiotics_test::tests::test_deconstruct ... ignored
test nova_security_test::test_vaccinate_verify ... ok
test nova_semiotics_test::tests::test_symbolize_interpret ... ok
test nova_sigil_dynamic_test::tests::test_dynamic_sigil_lifecycle ... ok
test nova_sigil_test::tests::test_sigil_vitality ... ok
test nova_sigil_dynamic_test::tests::test_sigil_mismatch ... ok
test nova_sigil_test::tests::test_sigil_void ... ok
test nova_sigil_test::tests::test_sigil_ward ... ok
test nova_signals_test::tests::test_bang_propagation ... ok
test nova_signals_test::tests::test_directional_propagation ... ok
test nova_signals_test::tests::test_triggered_execution ... ok
test nova_simulate_test::test_simulate_death ... ok
test nova_sonar_test::tests::test_sonar_hit ... ok
test nova_sonar_test::tests::test_sonar_miss ... ok
test nova_simulate_test::test_simulate_survival ... ok
test nova_sonar_test::tests::test_sonar_wrap ... ok
test nova_splice_test::tests::test_splice_midpoint ... ok
test nova_splice_test::tests::test_splice_interleave ... ok
test nova_spore_test::tests::test_dna_restoration ... ok
test nova_spore_test::tests::test_spore_backtracking ... ok
test nova_spore_test::tests::test_spore_mechanics ... ok
test nova_strings_test::tests::test_string_new ... ok
test nova_strings_test::tests::test_string_pluck_listen ... ok
test nova_superposition_test::test_brz_all ... ok
test nova_superposition_test::test_brz_all_success ... ok
test nova_superposition_test::test_autothreading_add ... ok
test nova_superposition_test::test_brz_any ... ok
test nova_superposition_test::test_push_junction ... ok
test nova_symbiosis_test::tests::test_lysis ... ok
test nova_symbiosis_test::tests::test_symbiosis_absorption ... ok
test nova_symbiosis_test::tests::test_symbiosis_concurrent_execution ... ok
test nova_taxis_test::test_chemotaxis_none ... ok
test nova_taxis_test::test_chemotaxis_gradient ... ok
test nova_test::tests::test_apoptosis ... ok
test nova_test::tests::test_epigenetics ... ok
test nova_test::tests::test_excision ... ok
test nova_test::tests::test_integrase_append ... ok
test nova_test::tests::test_incubate ... ok
test nova_test::tests::test_integrase_shift ... ok
test nova_test::tests::test_mitosis ... ok
test nova_test::tests::test_recombination ... ok
test nova_test::tests::test_s_index ... ok
test nova_test::tests::test_telomere_decay ... ok
test nova_topology_test::tests::test_normalize_coords_cylinder_h ... ok
test nova_topology_test::tests::test_normalize_coords_klein ... ok
test nova_topology_test::tests::test_normalize_coords_mobius ... ok
test nova_topology_test::tests::test_normalize_coords_plane ... ok
test nova_radio_test::tests::test_radio_capacity ... ok
test nova_topology_test::tests::test_topology_switching ... ok
test nova_topology_test::tests::test_normalize_coords_torus ... ok
test nova_virus_test::tests::test_infect_op ... ok
test nova_virus_test::tests::test_outbreak_spread ... ok
test nova_virus_test::tests::test_sanitize ... ok
test nova_transposon_test::tests::test_transposon_jump ... ok
test nova_void_test::test_singularity ... ok
test nova_void_test::test_supernova ... ok
test nova_void_test::test_void_spawn_and_consume ... ok
test nova_waste_test::tests::test_detox ... ok
test nova_waste_test::tests::test_diffusion_performance_and_stability ... ok
test nova_ward_test::tests::test_ward_trigger ... ok
test nova_waste_test::tests::test_migrate ... ok
test nova_waste_test::tests::test_waste_accumulation ... ok
test opcode::tests::test_opcode_display_edge_cases ... ok
test nova_waste_test::tests::test_diffusion_scalar_stack_optimization ... ok
test opcode::tests::test_opcode_parsing_edge_cases ... ok
test oracle_test::tests::test_assert_query_fact ... ok
test oracle_test::tests::test_dynamic_grid_query ... ok
test oracle_test::tests::test_introspection_stack ... ok
test oracle_test::tests::test_opcode_predicate ... ok
test oracle_test::tests::test_past_cell_predicate ... ok
test oracle_test::tests::test_query_fail ... ok
test oracle_test::tests::test_variable_unification ... ok
test prion_test::tests::test_mirror ... ok
test prion_test::tests::test_restore ... ok
test prion_test::tests::test_remap ... ok
test ribosome_test::test_ribosome_arithmetic ... ok
test ribosome_test::test_ribosome_execution ... ok
test ribosome_test::test_ribosome_logic ... ok
test ribosome_test::tests::test_ribosome_bang ... ok
test ribosome_test::test_ribosome_io ... ok
test ribosome_test::tests::test_ribosome_offset_read ... ok
test ribosome_test::tests::test_ribosome_offset_write ... ok
test ribozyme_test::tests::test_eval ... ok
test ribosome_test::tests::test_void_consume ... ok
test ribozyme_test::tests::test_filter_junction ... ok
test ribozyme_test::tests::test_fold_junction ... ok
test ribozyme_test::tests::test_map_junction ... ok
test ribozyme_test::tests::test_zip_junction ... ok
test seek_test::tests::test_seek_op ... ok
test seek_test::tests::test_seek_fail ... ok
test sentry_brainfuck_test::tests::test_bf_hello_world ... ok
test sentry_brainfuck_test::tests::test_bf_basic_io ... ok
test sentry_brainfuck_test::tests::test_bf_infinite_loop_safety ... ok
test sentry_brainfuck_test::tests::test_bf_unmatched_brackets_safe ... ok
test sentry_brainfuck_test::tests::test_bf_input_exhaustion ... ok
test sentry_nova_test::tests::test_cas9_cut_boundary ... ok
test sentry_nova_test::tests::test_crispr_scan_edge_cases ... ok
test sentry_nova_test::tests::test_entangle_mutation ... ok
test sentry_nova_test::tests::test_excision_last ... ok
test sentry_nova_test::tests::test_gravitate_movement ... ok
test sentry_nova_test::tests::test_integrase_append ... ok
test sentry_nova_test::tests::test_ligase_boundary ... ok
test sentry_nova_test::tests::test_migrate_wrap ... ok
test sentry_nova_test::tests::test_recombine_edge_cases ... ok
test sentry_nova_test::tests::test_simulate_recursion_limit ... ignored
test sentry_nova_test::tests::test_spore_branching ... ok
test song_test::tests::test_song_integration ... ok
test song_test::tests::test_song_of_creation ... ok
test value::test_apply_binary_op_junction_junction_partial_failure ... ok
test value::tests::test_apply_binary_op_int ... ok
test value::tests::test_apply_binary_op_junction_junction ... ok
test value::tests::test_apply_binary_op_junction_scalar ... ok
test value::tests::test_apply_binary_op_scalar_junction ... ok
test value::tests::test_limit_exceeded ... ok
test vm::akashic::tests::test_akashic_display ... ok
test vm::babel_grid_test::tests::test_glossolalia ... ok
test vm::babel_grid_test::tests::test_read_branch ... ok
test vm::babel_grid_test::tests::test_read_sequence ... ok
test vm::babel_grid_test::tests::test_read_string_grammar ... ok
test vm::babel_test::tests::test_babel_compile_simple ... ok
test vm::babel_test::tests::test_babel_parser_alt ... ok
test vm::babel_test::tests::test_babel_parser_match ... ok
test vm::babel_test::tests::test_babel_parser_regex ... ok
test vm::babel_test::tests::test_babel_parser_seq ... ok
test vm::babel_test::tests::test_recursive_grammar ... ok
test vm::babel_virus_test::tests::test_infect_with_grammar ... ok
test vm::babel_virus_test::tests::test_outbreak_rewrite ... ok
test vm::babel_virus_test::tests::test_quorum_sensing ... ok
test vm::bard::tests::test_midi_to_abc_conversion ... ok
test vm::bard::tests::test_score_to_abc_rhythm ... ok
test sentry_nova_test::tests::test_call_recursion_limit ... ok
test vm::catalyst::tests::test_synthesize_and_catalyze ... ok
test vm::codex_test::test_codex_void_bind ... ok
test vm::ecology_test::tests::test_radioactive_death ... ok
test vm::ecology_test::tests::test_scavenger_mechanics ... ok
test vm::codex_test::test_codex_opcode ... ok
test vm::ecology_test::tests::test_spawn_food ... ok
test vm::ecology_test::tests::test_spawn_ecology ... ok
test vm::ecology_test::tests::test_viral_transfer ... ok
test vm::elektra_bridging_test::tests::test_electrophoresis ... ok
test vm::elektra_bridging_test::tests::test_modulate ... ok
test vm::elektra_bridging_test::tests::test_prologue_conductivity ... ok
test vm::evolution::tests::test_programmable_evolution ... ok
test vm::genesis_test::tests::test_self_rewrite_and_perceive ... ok
test vm::hot_reload_test::tests::test_patch_dna_clamp_ip ... ok
test vm::hot_reload_test::tests::test_patch_dna_update ... ok
test vm::nova_attractor_test::tests::test_attractor_modes ... ok
test vm::nova_attractor_test::tests::test_attractor_step_lorenz ... ok
test vm::nova_babel_live_test::tests::test_babel_live_action ... ok
test vm::nova_babel_live_test::tests::test_babel_live_regex ... ignored
test vm::nova_babel_live_test::tests::test_babel_live_string_match ... ok
test vm::nova_babel_live_test::tests::test_babel_live_string_mismatch ... ok
test vm::nova_bestiary_test::tests::test_face_generation ... ok
test vm::nova_bestiary_test::tests::test_name_generation ... ok
test vm::nova_bestiary_test::tests::test_traits_analysis ... ok
test vm::nova_biomesh_signal_test::tests::test_biomesh_signal_propagation ... ok
test vm::nova_biomesh_test::test_mesh_creation ... ok
test vm::nova_biomesh_test::test_mesh_grow_connect ... ok
test vm::nova_biomesh_test::test_mesh_send_recv ... ok
test vm::nova_botany_test::tests::test_genetic_synthesis ... ok
test vm::nova_botany_test::tests::test_plant_drawing ... ok
test vm::nova_botany_test::tests::test_plant_resonance_boost ... ok
test vm::nova_botany_test::tests::test_plant_singing ... ok
test vm::nova_botany_test::tests::test_plant_sowing ... ok
test vm::nova_chemistry::tests::test_brew_acid ... ok
test vm::nova_chemistry::tests::test_brew_elixir ... ok
test vm::nova_chemistry::tests::test_brew_steam ... ok
test vm::nova_chemistry::tests::test_mix_creation ... ok
test vm::nova_chemistry::tests::test_mix_radius_zero ... ok
test vm::nova_chemistry::tests::test_splash_acid ... ok
test vm::nova_chemistry::tests::test_splash_elixir ... ok
test vm::nova_chemistry::tests::test_splash_out_of_bounds ... ok
test vm::nova_chromatin::tests::test_blue_dampening ... ok
test vm::nova_chromatin::tests::test_green_mutation ... ok
test vm::nova_chromatin::tests::test_green_photosynthesis ... ok
test vm::nova_chromatin::tests::test_red_amplification ... ok
test vm::nova_chronos_local_test::tests::test_time_warp_acceleration ... ok
test vm::nova_chronos_local_test::tests::test_time_warp_stasis ... ok
test vm::nova_chronos_splice_test::tests::test_chronos_splice ... ok
test vm::nova_chronos_test::tests::test_chronostasis ... ok
test vm::nova_flux_test::tests::test_flux_emitter ... ok
test vm::nova_flux_test::tests::test_flux_saturation ... ok
test vm::nova_flux_test::tests::test_jam_emitter ... ignored
test vm::nova_flux_test::tests::test_wisp_spawn ... ok
test vm::nova_fractal_test::test_iterate ... ok
test vm::nova_fractal_test::test_julia_mode ... ok
test vm::nova_fractal_test::test_mandelbrot_mode ... ok
test vm::nova_fractal_test::test_zoom ... ok
test vm::nova_harvest_test::tests::test_orca_harvest_success ... ignored
test vm::nova_harvest_test::tests::test_orca_harvest_unknown ... ignored
test vm::nova_hologram_grammar_test::test_holo_grammar_invocation ... ok
test vm::nova_hologram_grammar_test::test_holo_speak_generation ... ok
test vm::nova_hologram_test::test_diffract_ghost ... ok
test vm::nova_hologram_test::test_hologram_interfere_refract_perfect ... ok
test vm::nova_hologram_test::test_phase_mutate_scrambles_dna ... ok
test vm::nova_linguistics_test::tests::test_anagram ... ok
test vm::nova_linguistics_test::tests::test_cipher ... ok
test vm::nova_linguistics_test::tests::test_levenshtein ... ok
test vm::nova_linguistics_test::tests::test_pangram ... ok
test vm::nova_linguistics_test::tests::test_soundex ... ok
test vm::nova_mirrors_test::tests::test_laser_mirror_backslash ... ok
test vm::nova_mirrors_test::tests::test_laser_mirror_slash ... ok
test vm::nova_optics_test::tests::test_optics_prism_split ... ok
test vm::nova_optics_test::tests::test_optics_reflector_reflection ... ok
test vm::nova_orca_evolution_test::tests::test_jumper ... ok
test vm::nova_orca_evolution_test::tests::test_warp ... ok
test vm::nova_orca_midi_test::tests::test_orca_midi_cc ... ok
test vm::nova_orca_midi_test::tests::test_orca_midi_note ... ok
test vm::nova_orca_midi_test::tests::test_orca_random ... ignored
test vm::nova_orca_test::tests::test_custom_operator_f ... ok
test vm::nova_orca_test::tests::test_orca_add ... ok
test vm::nova_orca_test::tests::test_orca_base36 ... ok
test vm::nova_orca_test::tests::test_orca_clock ... ok
test vm::nova_orca_test::tests::test_orca_ether ... ok
test vm::nova_orca_test::tests::test_orca_io ... ok
test vm::nova_orca_test::tests::test_orca_laser ... ok
test vm::nova_orca_test::tests::test_orca_logic ... ok
test vm::nova_orca_test::tests::test_orca_modulo ... ok
test vm::nova_orca_test::tests::test_orca_oracle ... ok
test vm::nova_orca_test::tests::test_orca_query ... ok
test vm::nova_orca_test::tests::test_orca_stack_io ... ok
test vm::nova_orca_test::tests::test_orca_teleport ... ok
test vm::nova_orca_test::tests::test_orca_unzip ... ok
test vm::nova_orca_test::tests::test_orca_voltage ... ok
test vm::nova_paleontology_test::test_carbon_date ... ok
test vm::nova_paleontology_test::test_fossilize_and_unearth ... ok
test vm::nova_phage_test::tests::test_phage_bounce_wall ... ok
test vm::nova_phage_test::tests::test_phage_infection_on_host ... ok
test vm::nova_phage_test::tests::test_phage_mutation_on_bang ... ok
test vm::nova_phage_test::tests::test_phage_spawn_and_move ... ok
test vm::nova_pocket_test::tests::test_pocket_bounds ... ok
test vm::nova_pocket_test::tests::test_pocket_unpocket ... ok
test vm::nova_pocket_test::tests::test_recursive_pocket ... ok
test vm::nova_quantum_scribe_test::tests::test_quantum_scan_scribe_loop ... ok
test vm::nova_quipu_test::test_quipu_knot_and_read ... ok
test vm::nova_quipu_test::test_quipu_multiple_knots ... ok
test vm::nova_quipu_test::test_quipu_tangle ... ok
test vm::nova_quipu_test::test_quipu_unknot ... ok
test vm::nova_raku_test::test_cross_mul ... ok
test vm::nova_raku_test::test_hyper_add ... ok
test vm::nova_raku_test::test_reduce_add ... ok
test vm::nova_raku_test::test_zip_with_add ... ok
test vm::nova_reactor_signal_test::tests::test_reactor_meltdown ... ok
test vm::nova_reactor_signal_test::tests::test_reactor_stable_fusion ... ok
test vm::nova_reactor_test::tests::test_reactor_exec_opcode ... ok
test vm::nova_reactor_test::tests::test_reactor_simple_rule ... ok
test vm::nova_retina_test::tests::test_retina_clear ... ok
test vm::nova_retina_test::tests::test_retina_draw ... ok
test vm::nova_retina_test::tests::test_retina_size ... ok
test vm::nova_sequencer_test::tests::test_orca_gene_read ... ok
test vm::nova_sequencer_test::tests::test_orca_kill ... ok
test vm::nova_sequencer_test::tests::test_orca_play ... ok
test vm::nova_sequencer_test::tests::test_orca_synthesis ... ok
test vm::nova_sigil_integration_test::tests::test_kb_operator ... ok
test vm::nova_sigil_integration_test::tests::test_sigil_activation ... ok
test vm::nova_siren_test::tests::test_omega_entropy_sink ... ok
test vm::nova_siren_test::tests::test_phi_resonance ... ok
test vm::nova_siren_test::tests::test_psi_observer ... ok
test vm::nova_sovereignty_test::tests::test_cede ... ok
test vm::nova_sovereignty_test::tests::test_claim_and_sovereignty ... ok
test vm::nova_sovereignty_test::tests::test_taxation ... ok
test nova_test::tests::test_telomerase ... ok
test vm::nova_void_test::tests::test_void_cast ... ok
test vm::nova_void_test::tests::test_void_rift_lifecycle ... ok
test vm::nova_weaver_test::tests::test_unravel ... ok
test vm::nova_weaver_test::tests::test_weave_pattern_strand ... ok
test vm::nova_weaver_test::tests::test_weave_pattern_string ... ok
test vm::pandemonium::tests::test_duplicate ... ok
test vm::pandemonium::tests::test_mutagen ... ok
test vm::pandemonium::tests::test_purge ... ok
test vm::prologue::alchemist_test::test_alchemist_transmutation ... ok
test vm::prologue::alchemy::tests::test_liquefy_and_solidify ... ok
test vm::prologue::architect_test::test_architect_life ... ok
test vm::prologue::architect_test::test_architect_rotate ... ok
test vm::prologue::gardener_test::test_gardener_harvest ... ok
test vm::prologue::gardener_test::test_gardener_nurture ... ok
test vm::prologue::gardener_test::test_gardener_planting ... ok
test vm::prologue::gardener_test::test_gardener_state_serialization ... ok
test vm::prologue::golem_test::test_golem_collision ... ok
test vm::prologue::golem_test::test_golem_complex_shape ... ok
test vm::prologue::golem_test::test_golem_movement ... ok
test vm::prologue::mesmerist_test::tests::test_mesmerist_cone ... ok
test vm::prologue::mesmerist_test::tests::test_mesmerist_gaze ... ok
test vm::prologue::nova_phage_test::test_phage_mutation ... ok
test vm::prologue::phonetics_test::test_phonetic_transmutation ... ok
test vm::prologue::phonetics_test::test_phonetic_transmutation_air ... ok
test vm::prologue::phonetics_test::test_phonetic_transmutation_fire ... ok
test vm::prologue::phonetics_test::test_phonetic_transmutation_water ... ok
test vm::prologue::phonetics_test::test_phonetics_analyze ... ok
test vm::prologue::prologue_chroma_test::test_chroma_brush ... ok
test vm::prologue::prologue_chroma_test::test_chroma_extraction ... ok
test vm::prologue::prologue_chroma_test::test_chroma_eye ... ok
test vm::prologue::prologue_chroma_test::test_chroma_palette ... ok
test vm::prologue::prologue_chromatin_test::test_chromatin_amplifying ... ok
test vm::prologue::prologue_chromatin_test::test_chromatin_silencing ... ok
test vm::prologue::prologue_critter_behavior_test::tests::test_critter_attack ... ok
test vm::prologue::prologue_critter_behavior_test::tests::test_critter_collision_breeding ... ok
test vm::prologue::prologue_critter_behavior_test::tests::test_critter_death ... ok
test vm::prologue::prologue_critter_behavior_test::tests::test_critter_legacy_moves ... ok
test vm::prologue::prologue_critter_behavior_test::tests::test_critter_mark ... ok
test vm::prologue::prologue_critter_behavior_test::tests::test_critter_split ... ok
test vm::prologue::prologue_critter_behavior_test::tests::test_critter_split_fail_low_energy ... ok
test vm::prologue::prologue_echo_test::test_echo_record_playback ... ok
test vm::prologue::prologue_echo_test::test_echo_reverse ... ok
test vm::prologue::prologue_elektra_test::test_advanced_components ... ok
test vm::prologue::prologue_elektra_test::test_bio_voltaics ... ok
test vm::prologue::prologue_elektra_test::test_elektra_runes ... ok
test vm::prologue::prologue_enzymes_test::test_chromatin_reprogramming ... ok
test vm::prologue::prologue_enzymes_test::test_ligase_join ... ok
test vm::prologue::prologue_enzymes_test::test_splicer_split ... ok
test vm::prologue::prologue_enzymes_test::test_weaver_reverse_translation ... ok
test vm::prologue::prologue_evolution_v2_test::test_incubate_grid ... ok
test vm::prologue::prologue_forth_test::tests::test_forth_agent_math ... ok
test vm::prologue::prologue_forth_v2_test::test_forth_skip ... ok
test vm::prologue::prologue_forth_v2_test::test_forth_stack_ops ... ok
test vm::prologue::prologue_genesis_test::tests::test_genesis_rune ... ok
test vm::prologue::prologue_genesis_test::tests::test_ligation_rune ... ok
test vm::prologue::prologue_green_spore_test::test_green_spore_spawn ... ok
test vm::prologue::prologue_library_test::test_dynamic_compilation ... ok
test vm::prologue::prologue_library_test::test_library_write_read ... ok
test vm::prologue::prologue_library_test::test_scholar_agent ... ok
test vm::prologue::prologue_linguistics_test::tests::test_linguistics_join ... ok
test vm::prologue::prologue_linguistics_test::tests::test_linguistics_levenshtein ... ok
test vm::prologue::prologue_linguistics_test::tests::test_linguistics_regex ... ok
test vm::prologue::prologue_linguistics_test::tests::test_linguistics_shift_case ... ok
test vm::prologue::prologue_linguistics_test::tests::test_linguistics_split ... ok
test vm::prologue::prologue_linguistics_test::tests::test_linguistics_stringify ... ok
test vm::prologue::prologue_logic_agent_test::test_logic_agent_fail_unification ... ok
test vm::prologue::prologue_logic_agent_test::test_logic_agent_unification ... ok
test vm::prologue::prologue_logos_test::tests::test_logos_definition_and_generation ... ok
test vm::prologue::prologue_logos_test::tests::test_logos_execution ... ok
test vm::prologue::prologue_logos_test::tests::test_logos_mutation ... ok
test vm::prologue::prologue_mycelium_test::test_mycelium_network ... ok
test vm::prologue::prologue_oracle_test::test_oracle_runes ... ok
test vm::prologue::prologue_resonance_test::tests::test_resonance_chord ... ok
test vm::prologue::prologue_resonance_test::tests::test_resonance_drum ... ok
test vm::prologue::prologue_resonance_test::tests::test_resonance_note ... ok
test vm::prologue::prologue_runecraft_test::tests::test_custom_rune_definition ... ok
test vm::prologue::prologue_runecraft_test::tests::test_custom_rune_execution ... ok
test vm::prologue::prologue_spectral_evolution_test::test_spectral_blue_logic ... ok
test vm::prologue::prologue_spectral_evolution_test::test_spectral_green_logic ... ok
test vm::prologue::prologue_spectral_evolution_test::test_spectral_red_logic ... ok
test vm::prologue::ribozyme_agent_test::test_ribozyme_agent ... ok
test vm::prologue::tests::test_prologue_circuit ... ok
test vm::prologue::weave_test::test_weave_circuit ... ok
test vm::prologue::weaver_test::test_weaver_synthesis ... ok
test vm::prologue::wizard_test::test_wizard_alchemy ... ok
test vm::prologue::wizard_test::test_wizard_polymorph ... ok
test vm::prologue::wizard_test::test_wizard_spawn_and_move ... ok
test vm::prologue_alchemy_test::test_distill_string ... ok
test vm::prologue_alchemy_test::test_fuse_string_int ... ok
test vm::prologue_alchemy_test::test_transmute_to_int ... ok
test vm::prologue_alchemy_test::test_transmute_to_string ... ok
test vm::prologue_altar_test::test_altar_elemental_convergence ... ok
test vm::prologue_altar_test::test_altar_void_ritual ... ok
test vm::prologue_biolum_test::test_biolum_absorber ... ok
test vm::prologue_biolum_test::test_biolum_emitter ... ok
test vm::prologue_biolum_test::test_biolum_sensor ... ok
test vm::prologue_chaos_test::tests::test_chaos_source_rune ... ok
test vm::prologue_chaos_test::tests::test_glitch_rune ... ok
test vm::prologue_chaos_test::tests::test_havoc_rune ... ok
test vm::prologue_chronos_test::tests::test_chronos_delay_line ... ok
test vm::prologue_chronos_test::tests::test_chronos_reverse ... ok
test vm::prologue_construct_test::tests::test_construct_capture_and_paste ... ok
test vm::prologue_construct_test::tests::test_construct_dimensions ... ok
test vm::prologue_critter_test::test_critter_attack ... ok
test vm::prologue_critter_test::test_critter_collision_breed ... ok
test vm::prologue_critter_test::test_critter_eat ... ok
test vm::prologue_critter_test::test_critter_movement_legacy ... ok
test vm::prologue_critter_test::test_critter_movement_relative ... ok
test vm::prologue_critter_test::test_critter_persistence ... ok
test vm::prologue_critter_test::test_critter_split ... ok
test vm::prologue_critter_test::test_critter_turn ... ok
test vm::prologue_darwin_test::test_darwin_rune ... ok
test vm::prologue_elemental_test::tests::test_element_generation ... ok
test vm::prologue_elemental_test::tests::test_elemental_mixing_lava ... ok
test vm::prologue_elemental_test::tests::test_elemental_mixing_steam ... ok
test vm::prologue_elemental_test::tests::test_fire_propagation ... ok
test vm::prologue_epigenetics_test::test_epigenetic_methylation ... ok
test vm::prologue_epigenetics_test::test_epigenetic_rune_application ... ok
test vm::prologue_epigenetics_test::test_phosphorylation_amplify ... ok
test vm::prologue_evolution_test::tests::test_evolve_rune ... ok
test vm::prologue_evolution_test::tests::test_genesis_rune ... ok
test vm::prologue_evolution_test::tests::test_length_rune ... ok
test vm::prologue_evolution_test::tests::test_nucleotide_rune ... ok
test vm::prologue_necromancy_test::test_necromancy_bury_exhume ... ok
test vm::prologue_necromancy_test::test_necromancy_seance ... ok
test vm::prologue_new_runes_test::tests::test_rune_clock ... ok
test vm::prologue_new_runes_test::tests::test_rune_directional ... ok
test vm::prologue_new_runes_test::tests::test_rune_jumper ... ok
test vm::prologue_new_runes_test::tests::test_rune_warp ... ok
test vm::prologue_oneiric_test::tests::test_dream_diffusion ... ok
test vm::prologue_oneiric_test::tests::test_dream_entry ... ok
test vm::prologue_oneiric_test::tests::test_dream_wake ... ok
test vm::prologue_oom_test::tests::test_unbounded_strand_growth_via_x_rune ... ok
test vm::prologue_optics_test::tests::test_rune_beam_horizontal ... ok
test vm::prologue_optics_test::tests::test_rune_mirror_back ... ok
test vm::prologue_optics_test::tests::test_rune_mirror_forward ... ok
test vm::prologue_pandemonium_test::tests::test_chaos_sink ... ok
test vm::prologue_pandemonium_test::tests::test_chaos_source ... ok
test vm::prologue_pandemonium_test::tests::test_noise_wire ... ok
test vm::prologue_quantum_test::tests::test_quantum_measurement ... ok
test vm::prologue_quantum_test::tests::test_quantum_superposition ... ok
test vm::prologue_quantum_test::tests::test_teleportation ... ok
test vm::prologue_repro::tests::test_collect_scatter_runes ... ok
test vm::prologue_repro::tests::test_list_ops_runes ... ok
test vm::prologue_symbiosis_test::tests::test_parasite_rune ... ok
test vm::prologue_symbiosis_test::tests::test_symbiosis_akashic ... ok
test vm::prologue_symbiosis_test::tests::test_symbiosis_upload ... ok
test vm::prologue_symbiosis_test::tests::test_symbiosis_yank ... ok
test vm::prologue_symbiosis_test::tests::test_xenograft_rune ... ok
test vm::prologue_test::test_arithmetic_runes ... ok
test vm::prologue_test::test_comparison_runes ... ok
test vm::prologue_test::test_ether_runes ... ok
test vm::prologue_test::test_if_rune ... ok
test vm::prologue_test::test_jump_rune ... ok
test vm::prologue_test::test_modulo_rune ... ok
test vm::prologue_test::test_mutate_rune ... ok
test vm::prologue_test::test_organelle_rune ... ok
test vm::prologue_test::test_scribe_rune ... ok
test vm::prologue_virology_test::test_antibody_cleaning ... ok
test vm::prologue_virology_test::test_infect_injection ... ok
test vm::prologue_virology_test::test_virus_replication ... ok
test vm::prologue_void_rift_test::test_infinity_rune_peek ... ok
test vm::prologue_void_rift_test::test_void_out_drains_rift ... ok
test vm::prologue_void_test::test_vacuum_rune ... ok
test vm::prologue_void_test::test_void_in_rune ... ok
test vm::prologue_void_test::test_void_out_rune ... ok
test vm::savant_execution_test::tests::test_rule_duplication ... ok
test vm::savant_execution_test::tests::test_savant_logic_loop ... ok
test vm::sentry_ribosome_tests::test_ribosome_control_flow_bug ... ok
test vm::sentry_value_test::test_value_depth ... ok
test vm::sequencer_test::tests::test_voltage_patch ... ok
test vm::tests::test_add ... ok
test vm::tests::test_brz ... ok
test vm::tests::test_consume_overflow ... ok
test vm::tests::test_consume_survival ... ok
test vm::tests::test_div_by_zero ... ok
test vm::tests::test_div_overflow ... ok
test vm::tests::test_gallifrey_display ... ok
test vm::tests::test_genome ... ok
test vm::tests::test_grid_ops ... ok
test vm::tests::test_jump ... ok
test vm::tests::test_jump_s ... ok
test vm::tests::test_metabolism ... ok
test vm::tests::test_radiate ... ok
test vm::tests::test_siphon ... ok
test vm::tests::test_stack_underflow ... ok
test vm::tests::test_starvation ... ok
test vm::tests::test_transcribe ... ok
test vm::tests::test_type_mismatch ... ok
test vm::tests::test_virus_enzyme ... ok
test vm::tests::test_virus_int ... ok
test vm::verbum_test::tests::test_etymology ... ok
test vm::verbum_test::tests::test_forge_and_invoke_manual ... ok
test vm::verbum_test::tests::test_opcode_forge ... ok
test vm::verbum_test::tests::test_opcode_speak ... ok
test vm::warden_overflow_test::tests::test_brew_overflow ... ok
test warden_dos_simulation::tests::test_simulation_depth_protection ... ok
test warden_dos_test::ribosome_dos_tests::test_dos_ribosome_bang_explosion ... ok
test warden_dos_test::tests::test_chord_registry_dos_limit ... ok
test warden_dos_test::tests::test_dos_organelle_swarm ... ok
test warden_dos_test::tests::test_dos_reflex_storm ... ok
test warden_dos_test::tests::test_dos_spore_bomb ... ok
test warden_dos_test::tests::test_ether_dos_limit ... ok
test warden_dos_test::tests::test_pocket_radius_cap ... ok
test warden_dos_test::tests::test_reflex_dos_limit ... ok
test warden_dos_test::tests::test_strand_limit ... ok
test warden_exploit_test::tests::test_detox_overflow_panic ... ok
test warden_exploit_test::tests::test_exploit_diffuse_hormones_overflow ... ok
test warden_exploit_test::tests::test_exploit_get_circular_coords_coord_overflow ... ok
test warden_exploit_test::tests::test_exploit_get_circular_coords_overflow ... ok
test warden_exploit_test::tests::test_irradiate_overflow_panic ... ok
test havoc_ipc_bomb::tests::test_ipc_bomb_unbounded_read ... ok
test warden_memory_test::tests::test_dos_incubate_memory ... ok
test warden_memory_test::tests::test_dos_methylate_epigenome_size ... ok
test warden_memory_test::tests::test_stack_overflow_nucleotide_formatting ... ok
test warden_oom_test::tests::test_cambrian_unbounded_strands_dos ... ok
test warden_parser_test::tests::test_parse_huge_number_safety ... ok
test warden_graveyard_test::tests::test_graveyard_limit ... ok
test warden_resources_test::tests::test_brainfuck_output_limit ... ok
test warden_resources_test::tests::test_meme_limit ... ok
test warden_resources_test::tests::test_virus_limit ... ok
test warden_planes_dos_test::tests::test_planes_unbounded_allocation ... ok
test vm::nova_strings::tests::test_string_limit ... ok
test vm::evolution::tests::test_evolution_convergence ... ok

test result: ok. 680 passed; 0 failed; 10 ignored; 0 measured; 0 filtered out; finished in 9.45s
